Component: ARM Compiler 5.06 update 7 (build 960) Tool: armlink [4d3601]

==============================================================================

Section Cross References

    startup_stm32f407xx.o(RESET) refers to startup_stm32f407xx.o(STACK) for __initial_sp
    startup_stm32f407xx.o(RESET) refers to startup_stm32f407xx.o(.text) for Reset_Handler
    startup_stm32f407xx.o(RESET) refers to stm32f4xx_it.o(i.NMI_Handler) for NMI_Handler
    startup_stm32f407xx.o(RESET) refers to stm32f4xx_it.o(i.HardFault_Handler) for HardFault_Handler
    startup_stm32f407xx.o(RESET) refers to stm32f4xx_it.o(i.MemManage_Handler) for MemManage_Handler
    startup_stm32f407xx.o(RESET) refers to stm32f4xx_it.o(i.BusFault_Handler) for BusFault_Handler
    startup_stm32f407xx.o(RESET) refers to stm32f4xx_it.o(i.UsageFault_Handler) for UsageFault_Handler
    startup_stm32f407xx.o(RESET) refers to port.o(.emb_text) for SVC_Handler
    startup_stm32f407xx.o(RESET) refers to stm32f4xx_it.o(i.DebugMon_Handler) for DebugMon_Handler
    startup_stm32f407xx.o(RESET) refers to cmsis_os2.o(i.SysTick_Handler) for SysTick_Handler
    startup_stm32f407xx.o(RESET) refers to stm32f4xx_it.o(i.DMA1_Stream5_IRQHandler) for DMA1_Stream5_IRQHandler
    startup_stm32f407xx.o(RESET) refers to stm32f4xx_it.o(i.ADC_IRQHandler) for ADC_IRQHandler
    startup_stm32f407xx.o(RESET) refers to stm32f4xx_it.o(i.CAN1_TX_IRQHandler) for CAN1_TX_IRQHandler
    startup_stm32f407xx.o(RESET) refers to stm32f4xx_it.o(i.CAN1_RX0_IRQHandler) for CAN1_RX0_IRQHandler
    startup_stm32f407xx.o(RESET) refers to stm32f4xx_it.o(i.TIM1_UP_TIM10_IRQHandler) for TIM1_UP_TIM10_IRQHandler
    startup_stm32f407xx.o(RESET) refers to stm32f4xx_it.o(i.TIM2_IRQHandler) for TIM2_IRQHandler
    startup_stm32f407xx.o(RESET) refers to stm32f4xx_it.o(i.TIM3_IRQHandler) for TIM3_IRQHandler
    startup_stm32f407xx.o(RESET) refers to stm32f4xx_it.o(i.USART2_IRQHandler) for USART2_IRQHandler
    startup_stm32f407xx.o(RESET) refers to stm32f4xx_it.o(i.USART3_IRQHandler) for USART3_IRQHandler
    startup_stm32f407xx.o(RESET) refers to stm32f4xx_it.o(i.TIM8_UP_TIM13_IRQHandler) for TIM8_UP_TIM13_IRQHandler
    startup_stm32f407xx.o(RESET) refers to stm32f4xx_it.o(i.TIM8_TRG_COM_TIM14_IRQHandler) for TIM8_TRG_COM_TIM14_IRQHandler
    startup_stm32f407xx.o(RESET) refers to stm32f4xx_it.o(i.SDIO_IRQHandler) for SDIO_IRQHandler
    startup_stm32f407xx.o(RESET) refers to stm32f4xx_it.o(i.TIM5_IRQHandler) for TIM5_IRQHandler
    startup_stm32f407xx.o(RESET) refers to stm32f4xx_it.o(i.TIM7_IRQHandler) for TIM7_IRQHandler
    startup_stm32f407xx.o(RESET) refers to stm32f4xx_it.o(i.DMA2_Stream0_IRQHandler) for DMA2_Stream0_IRQHandler
    startup_stm32f407xx.o(RESET) refers to stm32f4xx_it.o(i.DMA2_Stream2_IRQHandler) for DMA2_Stream2_IRQHandler
    startup_stm32f407xx.o(RESET) refers to stm32f4xx_it.o(i.DMA2_Stream3_IRQHandler) for DMA2_Stream3_IRQHandler
    startup_stm32f407xx.o(RESET) refers to stm32f4xx_it.o(i.DMA2_Stream6_IRQHandler) for DMA2_Stream6_IRQHandler
    startup_stm32f407xx.o(RESET) refers to stm32f4xx_it.o(i.DMA2_Stream7_IRQHandler) for DMA2_Stream7_IRQHandler
    startup_stm32f407xx.o(RESET) refers to stm32f4xx_it.o(i.FPU_IRQHandler) for FPU_IRQHandler
    startup_stm32f407xx.o(.text) refers to system_stm32f4xx.o(i.SystemInit) for SystemInit
    startup_stm32f407xx.o(.text) refers to entry.o(.ARM.Collect$$$$00000000) for __main
    main.o(i.Error_Handler) refers to printfa.o(i.__0printf) for __2printf
    main.o(i.HAL_TIM_PeriodElapsedCallback) refers to stm32f4xx_hal.o(i.HAL_IncTick) for HAL_IncTick
    main.o(i.HAL_TIM_PeriodElapsedCallback) refers to freertos.o(.bss) for mtspeed1
    main.o(i.HAL_TIM_PeriodElapsedCallback) refers to main.o(.data) for .data
    main.o(i.HAL_TIM_PeriodElapsedCallback) refers to freertos.o(.data) for USART3_RX_STA
    main.o(i.HAL_TIM_PeriodElapsedCallback) refers to tim.o(.bss) for htim7
    main.o(i.SystemClock_Config) refers to memseta.o(.text) for __aeabi_memclr4
    main.o(i.SystemClock_Config) refers to stm32f4xx_hal_rcc.o(i.HAL_RCC_OscConfig) for HAL_RCC_OscConfig
    main.o(i.SystemClock_Config) refers to stm32f4xx_hal_rcc.o(i.HAL_RCC_ClockConfig) for HAL_RCC_ClockConfig
    main.o(i.SystemClock_Config) refers to main.o(i.Error_Handler) for Error_Handler
    main.o(i.Wit_Can_Send_Msg) refers to cmsis_os2.o(i.osDelay) for osDelay
    main.o(i.Wit_Can_Send_Msg) refers to stm32f4xx_hal_can.o(i.HAL_CAN_GetTxMailboxesFreeLevel) for HAL_CAN_GetTxMailboxesFreeLevel
    main.o(i.Wit_Can_Send_Msg) refers to stm32f4xx_hal_can.o(i.HAL_CAN_AddTxMessage) for HAL_CAN_AddTxMessage
    main.o(i.Wit_Can_Send_Msg) refers to printfa.o(i.__0printf) for __2printf
    main.o(i.Wit_Can_Send_Msg) refers to main.o(.data) for .data
    main.o(i.Wit_Can_Send_Msg) refers to can.o(.bss) for hcan1
    main.o(i.main) refers to stm32f4xx_hal.o(i.HAL_Init) for HAL_Init
    main.o(i.main) refers to main.o(i.SystemClock_Config) for SystemClock_Config
[...]
    xTaskCheckForTimeOut                     0x0800e859   Thumb Code   112  tasks.o(i.xTaskCheckForTimeOut)
    xTaskCreate                              0x0800e8cd   Thumb Code    90  tasks.o(i.xTaskCreate)
    xTaskCreateStatic                        0x0800e927   Thumb Code    86  tasks.o(i.xTaskCreateStatic)
    xTaskGetCurrentTaskHandle                0x0800e97d   Thumb Code     6  tasks.o(i.xTaskGetCurrentTaskHandle)
    xTaskGetSchedulerState                   0x0800e989   Thumb Code    22  tasks.o(i.xTaskGetSchedulerState)
    xTaskGetTickCount                        0x0800e9a5   Thumb Code     6  tasks.o(i.xTaskGetTickCount)
    xTaskGetTickCountFromISR                 0x0800e9b1   Thumb Code    12  tasks.o(i.xTaskGetTickCountFromISR)
    xTaskIncrementTick                       0x0800e9c1   Thumb Code   192  tasks.o(i.xTaskIncrementTick)
    xTaskPriorityDisinherit                  0x0800ea89   Thumb Code   118  tasks.o(i.xTaskPriorityDisinherit)
    xTaskPriorityInherit                     0x0800eb09   Thumb Code   112  tasks.o(i.xTaskPriorityInherit)
    xTaskRemoveFromEventList                 0x0800eb81   Thumb Code    98  tasks.o(i.xTaskRemoveFromEventList)
    xTaskResumeAll                           0x0800ebf1   Thumb Code   182  tasks.o(i.xTaskResumeAll)
    xTimerCreateTimerTask                    0x0800ecb5   Thumb Code    78  timers.o(i.xTimerCreateTimerTask)
    xTimerGenericCommand                     0x0800ed15   Thumb Code    98  timers.o(i.xTimerGenericCommand)
    xTimerPendFunctionCallFromISR            0x0800ed7d   Thumb Code    34  timers.o(i.xTimerPendFunctionCallFromISR)
    ONENET_COM_OFF                           0x0800eda4   Data           7  freertos.o(.constdata)
    ONENET_COM_ON                            0x0800edab   Data           7  freertos.o(.constdata)
    Wit_dat_Task_attributes                  0x0800edb4   Data          36  freertos.o(.constdata)
    Can_Rx_Task_attributes                   0x0800edd8   Data          36  freertos.o(.constdata)
    RB_Read_Task_attributes                  0x0800edfc   Data          36  freertos.o(.constdata)
    OilDisplay_Task_attributes               0x0800ee20   Data          36  freertos.o(.constdata)
    DTU_Init_Task_attributes                 0x0800ee44   Data          36  freertos.o(.constdata)
    Signal_4G_Task_attributes                0x0800ee68   Data          36  freertos.o(.constdata)
    GPS_Init_Task_attributes                 0x0800ee8c   Data          36  freertos.o(.constdata)
    GPS_Get_Task_attributes                  0x0800eeb0   Data          36  freertos.o(.constdata)
    IWDG_Task_attributes                     0x0800eed4   Data          36  freertos.o(.constdata)
    Otheradc_task_attributes                 0x0800eef8   Data          36  freertos.o(.constdata)
    CantxTask_attributes                     0x0800ef1c   Data          36  freertos.o(.constdata)
    TyreSpeedTask_attributes                 0x0800ef40   Data          36  freertos.o(.constdata)
    SD_Init_task_attributes                  0x0800ef64   Data          36  freertos.o(.constdata)
    RTCTask_attributes                       0x0800ef88   Data          36  freertos.o(.constdata)
    CanrxTask_attributes                     0x0800efac   Data          36  freertos.o(.constdata)
    UsartQueue_attributes                    0x0800efd0   Data          24  freertos.o(.constdata)
    MqttMutex_attributes                     0x0800efe8   Data          16  freertos.o(.constdata)
    CanBinarySem_attributes                  0x0800eff8   Data          16  freertos.o(.constdata)
    Onenet_tx_BinarySem_attributes           0x0800f008   Data          16  freertos.o(.constdata)
    TyreBinarySem_attributes                 0x0800f018   Data          16  freertos.o(.constdata)
    Vcu_Event1_attributes                    0x0800f028   Data          16  freertos.o(.constdata)
    Can_Event_attributes                     0x0800f038   Data          16  freertos.o(.constdata)
    MT_Event_attributes                      0x0800f048   Data          16  freertos.o(.constdata)
    SD_Event_attributes                      0x0800f058   Data          16  freertos.o(.constdata)
    SD_Driver                                0x0800f068   Data          20  sd_diskio.o(.constdata)
    AHBPrescTable                            0x0800f084   Data          16  system_stm32f4xx.o(.constdata)
    APBPrescTable                            0x0800f094   Data           8  system_stm32f4xx.o(.constdata)
    memtblsize                               0x08039e7c   Data           8  malloc.o(.constdata)
    memblksize                               0x08039e84   Data           8  malloc.o(.constdata)
    memsize                                  0x08039e8c   Data           8  malloc.o(.constdata)
    __ctype_table                            0x0803a110   Data         129  ctype_o.o(.constdata)
    Region$$Table$$Base                      0x0803acf4   Number         0  anon$$obj.o(Region$$Table)
    Region$$Table$$Limit                     0x0803ad14   Number         0  anon$$obj.o(Region$$Table)
    time3_over1                              0x20000000   Data           1  main.o(.data)
    time3_over2                              0x20000001   Data           1  main.o(.data)
    cantx_dat                                0x20000003   Data           8  main.o(.data)
    ADC1_Flag                                0x2000000c   Data           1  freertos.o(.data)
    ADC2_Flag                                0x2000000d   Data           1  freertos.o(.data)
    UpdateTime_flag                          0x2000000e   Data           1  freertos.o(.data)
    Oil_base_dat                             0x2000000f   Data           1  freertos.o(.data)
    RTC_Start_flag                           0x20000010   Data           1  freertos.o(.data)
    USART3_RX_STA                            0x2000001a   Data           2  freertos.o(.data)
    oadc_msg                                 0x2000001c   Data           2  freertos.o(.data)
    p_uart2_rxbuf                            0x20000038   Data           4  freertos.o(.data)
    speedfloat_tx                            0x2000003c   Data           4  freertos.o(.data)
    GetData                                  0x20000040   Data           4  freertos.o(.data)
    Wit_dat_TaskHandle                       0x20000044   Data           4  freertos.o(.data)
    Can_Rx_TaskHandle                        0x20000048   Data           4  freertos.o(.data)
    RB_Read_TaskHandle                       0x2000004c   Data           4  freertos.o(.data)
    OilDisplay_TaskHandle                    0x20000050   Data           4  freertos.o(.data)
    DTU_Init_TaskHandle                      0x20000054   Data           4  freertos.o(.data)
    Signal_4G_TaskHandle                     0x20000058   Data           4  freertos.o(.data)
    GPS_Init_TaskHandle                      0x2000005c   Data           4  freertos.o(.data)
    GPS_Get_TaskHandle                       0x20000060   Data           4  freertos.o(.data)
    IWDG_TaskHandle                          0x20000064   Data           4  freertos.o(.data)
    Otheradc_taskHandle                      0x20000068   Data           4  freertos.o(.data)
    CantxTaskHandle                          0x2000006c   Data           4  freertos.o(.data)
    TyreSpeedTaskHandle                      0x20000070   Data           4  freertos.o(.data)
    SD_Init_taskHandle                       0x20000074   Data           4  freertos.o(.data)
    RTCTaskHandle                            0x20000078   Data           4  freertos.o(.data)
    CanrxTaskHandle                          0x2000007c   Data           4  freertos.o(.data)
    UsartQueueHandle                         0x20000080   Data           4  freertos.o(.data)
    MqttMutexHandle                          0x20000084   Data           4  freertos.o(.data)
    CanBinarySemHandle                       0x20000088   Data           4  freertos.o(.data)
    Onenet_tx_BinarySemHandle                0x2000008c   Data           4  freertos.o(.data)
    TyreBinarySemHandle                      0x20000090   Data           4  freertos.o(.data)
    Vcu_Event1Handle                         0x20000094   Data           4  freertos.o(.data)
    Can_EventHandle                          0x20000098   Data           4  freertos.o(.data)
    MT_EventHandle                           0x2000009c   Data           4  freertos.o(.data)
    SD_EventHandle                           0x200000a0   Data           4  freertos.o(.data)
    Clkvalue                                 0x200000a9   Data           6  freertos.o(.data)
    xjwy_msg                                 0x200000af   Data           7  freertos.o(.data)
    Wy_dat                                   0x200000b6   Data           7  freertos.o(.data)
    canrx_dat                                0x200000bd   Data           8  freertos.o(.data)
    tyre_msg                                 0x200000c5   Data           8  freertos.o(.data)
    dtu_device1                              0x200000d0   Data         520  freertos.o(.data)
    retSD                                    0x200002e0   Data           1  fatfs.o(.data)
    SDPath                                   0x200002e1   Data           4  fatfs.o(.data)
    usart_rx_char                            0x200002e5   Data           1  usart.o(.data)
    rx_len                                   0x200002e6   Data           1  stm32f4xx_it.o(.data)
    uwTickFreq                               0x200002e8   Data           1  stm32f4xx_hal.o(.data)
    uwTickPrio                               0x200002ec   Data           4  stm32f4xx_hal.o(.data)
    uwTick                                   0x200002f0   Data           4  stm32f4xx_hal.o(.data)
    SystemCoreClock                          0x200002f4   Data           4  system_stm32f4xx.o(.data)
    pxCurrentTCB                             0x20000300   Data           4  tasks.o(.data)
    s_cDataUpdate                            0x20000381   Data           1  wit_c_sdk.o(.data)
    s_cCmd                                   0x20000382   Data           1  wit_c_sdk.o(.data)
    p_WitRegUpdateCbFunc                     0x20000398   Data           4  wit_c_sdk.o(.data)
    mallco_dev                               0x200003a8   Data          28  malloc.o(.data)
    SetTimeZone                              0x200003c4   Data          25  gps.o(.data)
    __stdout                                 0x200003e0   Data           4  stdout.o(.data)
    wit_dat1                                 0x200003e8   Data          36  freertos.o(.bss)
    wit_msg                                  0x2000040c   Data          24  freertos.o(.bss)
    mtspeed1                                 0x20000424   Data          24  freertos.o(.bss)
    mtspeed2                                 0x2000043c   Data          24  freertos.o(.bss)
    mtspeed3                                 0x20000454   Data          24  freertos.o(.bss)
    mtspeed4                                 0x2000046c   Data          24  freertos.o(.bss)
    mtspeed5                                 0x20000484   Data          24  freertos.o(.bss)
    uwtin                                    0x2000049c   Data          40  freertos.o(.bss)
    Anglefloat_tx                            0x200004c4   Data          12  freertos.o(.bss)
    Accfloat_tx                              0x200004d0   Data          12  freertos.o(.bss)
    RxMessage                                0x200004dc   Data          28  freertos.o(.bss)
    gpsx                                     0x200004f8   Data         105  freertos.o(.bss)
    SDCardInfo                               0x20000564   Data          32  freertos.o(.bss)
    rtcTime                                  0x20000584   Data          20  freertos.o(.bss)
    CantxTaskBuffer                          0x20000598   Data        1024  freertos.o(.bss)
    CantxTaskControlBlock                    0x20000998   Data          92  freertos.o(.bss)
    RTCTaskBuffer                            0x200009f4   Data         512  freertos.o(.bss)
    RTCTaskControlBlock                      0x20000bf4   Data          92  freertos.o(.bss)
    MqttMutexControlBlock                    0x20000c50   Data          80  freertos.o(.bss)
    CanBinarySemControlBlock                 0x20000ca0   Data          80  freertos.o(.bss)
    Onenet_tx_BinarySemControlBlock          0x20000cf0   Data          80  freertos.o(.bss)
    TypeBinarySemControlBlock                0x20000d40   Data          80  freertos.o(.bss)
    Vcu_Event1ControlBlock                   0x20000d90   Data          32  freertos.o(.bss)
    Can_EventControlBlock                    0x20000db0   Data          32  freertos.o(.bss)
    MT_EventControlBlock                     0x20000dd0   Data          32  freertos.o(.bss)
    SD_EventControlBlock                     0x20000df0   Data          32  freertos.o(.bss)
    adc1_value                               0x20000e10   Data         240  adc.o(.bss)
    adc2_value                               0x20000f00   Data          80  adc.o(.bss)
    hadc1                                    0x20000f50   Data          72  adc.o(.bss)
    hadc2                                    0x20000f98   Data          72  adc.o(.bss)
    hdma_adc1                                0x20000fe0   Data          96  adc.o(.bss)
    hdma_adc2                                0x20001040   Data          96  adc.o(.bss)
    CAN_FilterInitStructure                  0x200010a0   Data          40  can.o(.bss)
    hcan1                                    0x200010c8   Data          40  can.o(.bss)
    SDFatFS                                  0x200010f0   Data        4156  fatfs.o(.bss)
    SDFile                                   0x2000212c   Data        4144  fatfs.o(.bss)
    hiwdg                                    0x2000315c   Data          12  iwdg.o(.bss)
    hrtc                                     0x20003168   Data          32  rtc.o(.bss)
    hsd                                      0x20003188   Data         132  sdio.o(.bss)
    hdma_sdio_rx                             0x2000320c   Data          96  sdio.o(.bss)
    hdma_sdio_tx                             0x2000326c   Data          96  sdio.o(.bss)
    htim2                                    0x200032cc   Data          72  tim.o(.bss)
    htim3                                    0x20003314   Data          72  tim.o(.bss)
    htim5                                    0x2000335c   Data          72  tim.o(.bss)
    htim7                                    0x200033a4   Data          72  tim.o(.bss)
    htim13                                   0x200033ec   Data          72  tim.o(.bss)
    htim14                                   0x20003434   Data          72  tim.o(.bss)
    rx_4g_buffer                             0x2000347c   Data         128  usart.o(.bss)
    huart1                                   0x200034fc   Data          68  usart.o(.bss)
    huart2                                   0x20003540   Data          68  usart.o(.bss)
    huart3                                   0x20003584   Data          68  usart.o(.bss)
    hdma_usart1_tx                           0x200035c8   Data          96  usart.o(.bss)
    hdma_usart2_rx                           0x20003628   Data          96  usart.o(.bss)
    htim1                                    0x20003688   Data          72  stm32f4xx_hal_timebase_tim.o(.bss)
    disk                                     0x200036f0   Data          12  ff_gen_drv.o(.bss)
    xQueueRegistry                           0x200036fc   Data          64  queue.o(.bss)
    sReg                                     0x200080d0   Data         288  wit_c_sdk.o(.bss)
    mem1base                                 0x20008200   Data        5120  malloc.o(.bss)
    mem1mapbase                              0x20009600   Data         320  malloc.o(.bss)
    USART3_RX_BUF                            0x20009d40   Data        2048  gps.o(.bss)
    USART3_TX_BUF                            0x2000a540   Data         600  gps.o(.bss)
    __initial_sp                             0x2000b798   Data           0  startup_stm32f407xx.o(STACK)
    mem2base                                 0x68000000   Data       983040  malloc.o(.ARM.__AT_0x68000000)
    mem2mapbase                              0x680f0000   Data       61440  malloc.o(.ARM.__AT_0x680F0000)



==============================================================================

Memory Map of the image

  Image Entry point : 0x08000189

  Load Region LR_IROM1 (Base: 0x08000000, Size: 0x0003b0fc, Max: 0x00080000, ABSOLUTE, COMPRESSED[0x0003ad68])

    Execution Region ER_IROM1 (Exec base: 0x08000000, Load base: 0x08000000, Size: 0x0003ad14, Max: 0x00080000, ABSOLUTE)

    Exec Addr    Load Addr    Size         Type   Attr      Idx    E Section Name        Object

    0x08000000   0x08000000   0x00000188   Data   RO            3    RESET               startup_stm32f407xx.o
    0x08000188   0x08000188   0x00000000   Code   RO         8221  * .ARM.Collect$$$$00000000  mc_w.l(entry.o)
    0x08000188   0x08000188   0x00000004   Code   RO         8513    .ARM.Collect$$$$00000001  mc_w.l(entry2.o)
    0x0800018c   0x0800018c   0x00000004   Code   RO         8516    .ARM.Collect$$$$00000004  mc_w.l(entry5.o)
    0x08000190   0x08000190   0x00000000   Code   RO         8518    .ARM.Collect$$$$00000008  mc_w.l(entry7b.o)
    0x08000190   0x08000190   0x00000000   Code   RO         8520    .ARM.Collect$$$$0000000A  mc_w.l(entry8b.o)
    0x08000190   0x08000190   0x00000008   Code   RO         8521    .ARM.Collect$$$$0000000B  mc_w.l(entry9a.o)
    0x08000198   0x08000198   0x00000004   Code   RO         8528    .ARM.Collect$$$$0000000E  mc_w.l(entry12b.o)
    0x0800019c   0x0800019c   0x00000000   Code   RO         8523    .ARM.Collect$$$$0000000F  mc_w.l(entry10a.o)
    0x0800019c   0x0800019c   0x00000000   Code   RO         8525    .ARM.Collect$$$$00000011  mc_w.l(entry11a.o)
    0x0800019c   0x0800019c   0x00000004   Code   RO         8514    .ARM.Collect$$$$00002712  mc_w.l(entry2.o)
    0x080001a0   0x080001a0   0x000000be   Code   RO         7574    .emb_text           port.o
    0x0800025e   0x0800025e   0x00000002   PAD
    0x08000260   0x08000260   0x00000024   Code   RO            4    .text               startup_stm32f407xx.o
    0x08000284   0x08000284   0x00000062   Code   RO         8224    .text               mc_w.l(uldiv.o)
    0x080002e6   0x080002e6   0x00000024   Code   RO         8226    .text               mc_w.l(memcpya.o)
    0x0800030a   0x0800030a   0x00000024   Code   RO         8230    .text               mc_w.l(memseta.o)
    0x0800032e   0x0800032e   0x00000024   Code   RO         8232    .text               mc_w.l(strstr.o)
    0x08000352   0x08000352   0x0000000e   Code   RO         8234    .text               mc_w.l(strlen.o)
    0x08000360   0x08000360   0x0000001c   Code   RO         8236    .text               mc_w.l(strcmp.o)
    0x0800037c   0x0800037c   0x0000001a   Code   RO         8501    .text               mc_w.l(atoi.o)
    0x08000396   0x08000396   0x000000e4   Code   RO         8503    .text               mf_w.l(dmul.o)
    0x0800047a   0x0800047a   0x000000de   Code   RO         8505    .text               mf_w.l(ddiv.o)
    0x08000558   0x08000558   0x0000001a   Code   RO         8507    .text               mf_w.l(dfltui.o)
    0x08000572   0x08000572   0x00000032   Code   RO         8509    .text               mf_w.l(dfixui.o)
    0x080005a4   0x080005a4   0x00000026   Code   RO         8511    .text               mf_w.l(f2d.o)
    0x080005ca   0x080005ca   0x0000002c   Code   RO         8530    .text               mc_w.l(uidiv.o)
    0x080005f6   0x080005f6   0x0000001e   Code   RO         8532    .text               mc_w.l(llshl.o)
    0x08000614   0x08000614   0x00000020   Code   RO         8534    .text               mc_w.l(llushr.o)
    0x08000634   0x08000634   0x00000070   Code   RO         8543    .text               mc_w.l(strtol.o)
    0x080006a4   0x080006a4   0x00000000   Code   RO         8545    .text               mc_w.l(iusefp.o)
    0x080006a4   0x080006a4   0x000000ba   Code   RO         8546    .text               mf_w.l(depilogue.o)
    0x0800075e   0x0800075e   0x0000014e   Code   RO         8548    .text               mf_w.l(dadd.o)
    0x080008ac   0x080008ac   0x00000030   Code   RO         8550    .text               mf_w.l(dfixul.o)
    0x080008dc   0x080008dc   0x00000030   Code   RO         8552    .text               mf_w.l(cdrcmple.o)
    0x0800090c   0x0800090c   0x00000024   Code   RO         8554    .text               mc_w.l(init.o)
    0x08000930   0x08000930   0x00000024   Code   RO         8556    .text               mc_w.l(llsshr.o)
    0x08000954   0x08000954   0x00000008   Code   RO         8558    .text               mc_w.l(ctype_o.o)
    0x0800095c   0x0800095c   0x0000009e   Code   RO         8586    .text               mc_w.l(_strtoul.o)
    0x080009fa   0x080009fa   0x0000001c   Code   RO         8588    .text               mc_w.l(_chval.o)
    0x08000a16   0x08000a16   0x00000056   Code   RO         8598    .text               mc_w.l(__dczerorl2.o)
    0x08000a6c   0x08000a6c   0x0000006e   Code   RO         1386    i.ADC_DMAConvCplt   stm32f4xx_hal_adc.o
    0x08000ada   0x08000ada   0x00000016   Code   RO         1387    i.ADC_DMAError      stm32f4xx_hal_adc.o
    0x08000af0   0x08000af0   0x0000000a   Code   RO         1388    i.ADC_DMAHalfConvCplt  stm32f4xx_hal_adc.o
    0x08000afa   0x08000afa   0x00000002   PAD
    0x08000afc   0x08000afc   0x0000001c   Code   RO         1142    i.ADC_IRQHandler    stm32f4xx_it.o
    0x08000b18   0x08000b18   0x00000128   Code   RO         1389    i.ADC_Init          stm32f4xx_hal_adc.o
    0x08000c40   0x08000c40   0x00000002   Code   RO          652    i.BSP_SD_AbortCallback  bsp_driver_sd.o
    0x08000c42   0x08000c42   0x00000002   PAD
    0x08000c44   0x08000c44   0x0000000c   Code   RO          655    i.BSP_SD_GetCardInfo  bsp_driver_sd.o
    0x08000c50   0x08000c50   0x00000018   Code   RO          656    i.BSP_SD_GetCardState  bsp_driver_sd.o
    0x08000c68   0x08000c68   0x0000001c   Code   RO          658    i.BSP_SD_Init       bsp_driver_sd.o
    0x08000c84   0x08000c84   0x0000000e   Code   RO          659    i.BSP_SD_IsDetected  bsp_driver_sd.o
    0x08000c92   0x08000c92   0x00000002   PAD
    0x08000c94   0x08000c94   0x0000001c   Code   RO          661    i.BSP_SD_ReadBlocks_DMA  bsp_driver_sd.o
    0x08000cb0   0x08000cb0   0x0000001c   Code   RO          773    i.BSP_SD_ReadCpltCallback  sd_diskio.o
    0x08000ccc   0x08000ccc   0x0000001c   Code   RO          664    i.BSP_SD_WriteBlocks_DMA  bsp_driver_sd.o
    0x08000ce8   0x08000ce8   0x0000001c   Code   RO          774    i.BSP_SD_WriteCpltCallback  sd_diskio.o
    0x08000d04   0x08000d04   0x000000d0   Code   RO          338    i.Bsp_Start_IT      freertos.o
    0x08000dd4   0x08000dd4   0x00000002   Code   RO         1143    i.BusFault_Handler  stm32f4xx_it.o
    0x08000dd6   0x08000dd6   0x00000002   PAD
    0x08000dd8   0x08000dd8   0x0000000c   Code   RO         1144    i.CAN1_RX0_IRQHandler  stm32f4xx_it.o
    0x08000de4   0x08000de4   0x0000000c   Code   RO         1145    i.CAN1_TX_IRQHandler  stm32f4xx_it.o
    0x08000df0   0x08000df0   0x0000001c   Code   RO          339    i.Can_Rx_Handle     freertos.o
    0x08000e0c   0x08000e0c   0x00000008   Code   RO          340    i.Canrx_Handle      freertos.o
    0x08000e14   0x08000e14   0x00000308   Code   RO          341    i.Cantx_Handle      freertos.o
    0x0800111c   0x0800111c   0x00000068   Code   RO         7653    i.CmdProcess        wit_c_sdk.o
    0x08001184   0x08001184   0x000000b4   Code   RO         7654    i.CopeWitData       wit_c_sdk.o
    0x08001238   0x08001238   0x0000000c   Code   RO         1146    i.DMA1_Stream5_IRQHandler  stm32f4xx_it.o
    0x08001244   0x08001244   0x0000000c   Code   RO         1147    i.DMA2_Stream0_IRQHandler  stm32f4xx_it.o
    0x08001250   0x08001250   0x0000000c   Code   RO         1148    i.DMA2_Stream2_IRQHandler  stm32f4xx_it.o
    0x0800125c   0x0800125c   0x0000000c   Code   RO         1149    i.DMA2_Stream3_IRQHandler  stm32f4xx_it.o
    0x08001268   0x08001268   0x0000000c   Code   RO         1150    i.DMA2_Stream6_IRQHandler  stm32f4xx_it.o
    0x08001274   0x08001274   0x0000000c   Code   RO         1151    i.DMA2_Stream7_IRQHandler  stm32f4xx_it.o
    0x08001280   0x08001280   0x00000028   Code   RO         2123    i.DMA_CalcBaseAndBitshift  stm32f4xx_hal_dma.o
    0x080012a8   0x080012a8   0x00000054   Code   RO         2124    i.DMA_CheckFifoParam  stm32f4xx_hal_dma.o
    0x080012fc   0x080012fc   0x00000028   Code   RO         2125    i.DMA_SetConfig     stm32f4xx_hal_dma.o
    0x08001324   0x08001324   0x000000f4   Code   RO          342    i.DTU_Init_Handle   freertos.o
    0x08001418   0x08001418   0x00000002   Code   RO         1152    i.DebugMon_Handler  stm32f4xx_it.o
    0x0800141a   0x0800141a   0x00000002   PAD
    0x0800141c   0x0800141c   0x0000001c   Code   RO           13    i.Error_Handler     main.o
    0x08001438   0x08001438   0x00000006   Code   RO         5766    i.FATFS_LinkDriver  ff_gen_drv.o
    0x0800143e   0x0800143e   0x00000002   PAD
    0x08001440   0x08001440   0x00000040   Code   RO         5767    i.FATFS_LinkDriverEx  ff_gen_drv.o
    0x08001480   0x08001480   0x00000002   Code   RO         1153    i.FPU_IRQHandler    stm32f4xx_it.o
    0x08001482   0x08001482   0x00000002   PAD
    0x08001484   0x08001484   0x00000030   Code   RO         8081    i.GPS_Analysis      gps.o
    0x080014b4   0x080014b4   0x0000003c   Code   RO          343    i.GPS_Get_Handle    freertos.o
    0x080014f0   0x080014f0   0x000000ac   Code   RO          344    i.GPS_Init_Handle   freertos.o
    0x0800159c   0x0800159c   0x00000308   Code   RO          345    i.Gps_Msg_Show      freertos.o
    0x080018a4   0x080018a4   0x00000002   Code   RO         1560    i.HAL_ADCEx_InjectedConvCpltCallback  stm32f4xx_hal_adc_ex.o
    0x080018a6   0x080018a6   0x00000002   PAD
    0x080018a8   0x080018a8   0x0000014c   Code   RO         1391    i.HAL_ADC_ConfigChannel  stm32f4xx_hal_adc.o
    0x080019f4   0x080019f4   0x00000030   Code   RO          529    i.HAL_ADC_ConvCpltCallback  adc.o
    0x08001a24   0x08001a24   0x00000002   Code   RO         1393    i.HAL_ADC_ConvHalfCpltCallback  stm32f4xx_hal_adc.o
    0x08001a26   0x08001a26   0x00000002   Code   RO         1395    i.HAL_ADC_ErrorCallback  stm32f4xx_hal_adc.o
    0x08001a28   0x08001a28   0x0000012e   Code   RO         1399    i.HAL_ADC_IRQHandler  stm32f4xx_hal_adc.o
    0x08001b56   0x08001b56   0x00000054   Code   RO         1400    i.HAL_ADC_Init      stm32f4xx_hal_adc.o
    0x08001baa   0x08001baa   0x00000002   Code   RO         1401    i.HAL_ADC_LevelOutOfWindowCallback  stm32f4xx_hal_adc.o
    0x08001bac   0x08001bac   0x00000174   Code   RO          531    i.HAL_ADC_MspInit   adc.o
    0x08001d20   0x08001d20   0x00000154   Code   RO         1407    i.HAL_ADC_Start_DMA  stm32f4xx_hal_adc.o
    0x08001e74   0x08001e74   0x0000010c   Code   RO         1408    i.HAL_ADC_Start_IT  stm32f4xx_hal_adc.o
    0x08001f80   0x08001f80   0x0000006c   Code   RO         1410    i.HAL_ADC_Stop_DMA  stm32f4xx_hal_adc.o
    0x08001fec   0x08001fec   0x00000024   Code   RO         2797    i.HAL_CAN_ActivateNotification  stm32f4xx_hal_can.o
    0x08002010   0x08002010   0x000000dc   Code   RO         2798    i.HAL_CAN_AddTxMessage  stm32f4xx_hal_can.o
    0x080020ec   0x080020ec   0x0000010c   Code   RO         2799    i.HAL_CAN_ConfigFilter  stm32f4xx_hal_can.o
    0x080021f8   0x080021f8   0x00000002   Code   RO         2802    i.HAL_CAN_ErrorCallback  stm32f4xx_hal_can.o
    0x080021fa   0x080021fa   0x000000e8   Code   RO         2805    i.HAL_CAN_GetRxMessage  stm32f4xx_hal_can.o
    0x080022e2   0x080022e2   0x0000002c   Code   RO         2807    i.HAL_CAN_GetTxMailboxesFreeLevel  stm32f4xx_hal_can.o
    0x0800230e   0x0800230e   0x000001fc   Code   RO         2809    i.HAL_CAN_IRQHandler  stm32f4xx_hal_can.o
    0x0800250a   0x0800250a   0x0000011a   Code   RO         2810    i.HAL_CAN_Init      stm32f4xx_hal_can.o
    0x08002624   0x08002624   0x0000008c   Code   RO          587    i.HAL_CAN_MspInit   can.o
    0x080026b0   0x080026b0   0x00000002   Code   RO         2817    i.HAL_CAN_RxFifo0FullCallback  stm32f4xx_hal_can.o
    0x080026b2   0x080026b2   0x00000002   PAD
    0x080026b4   0x080026b4   0x00000074   Code   RO          346    i.HAL_CAN_RxFifo0MsgPendingCallback  freertos.o
    0x08002728   0x08002728   0x00000002   Code   RO         2819    i.HAL_CAN_RxFifo1FullCallback  stm32f4xx_hal_can.o
    0x0800272a   0x0800272a   0x00000002   Code   RO         2820    i.HAL_CAN_RxFifo1MsgPendingCallback  stm32f4xx_hal_can.o
    0x0800272c   0x0800272c   0x00000002   Code   RO         2821    i.HAL_CAN_SleepCallback  stm32f4xx_hal_can.o
    0x0800272e   0x0800272e   0x00000002   PAD
    0x08002730   0x08002730   0x00000058   Code   RO         2822    i.HAL_CAN_Start     stm32f4xx_hal_can.o
    0x08002788   0x08002788   0x00000002   Code   RO         2824    i.HAL_CAN_TxMailbox0AbortCallback  stm32f4xx_hal_can.o
    0x0800278a   0x0800278a   0x00000002   Code   RO         2825    i.HAL_CAN_TxMailbox0CompleteCallback  stm32f4xx_hal_can.o
    0x0800278c   0x0800278c   0x00000002   Code   RO         2826    i.HAL_CAN_TxMailbox1AbortCallback  stm32f4xx_hal_can.o
    0x0800278e   0x0800278e   0x00000002   Code   RO         2827    i.HAL_CAN_TxMailbox1CompleteCallback  stm32f4xx_hal_can.o
    0x08002790   0x08002790   0x00000002   Code   RO         2828    i.HAL_CAN_TxMailbox2AbortCallback  stm32f4xx_hal_can.o
    0x08002792   0x08002792   0x00000002   Code   RO         2829    i.HAL_CAN_TxMailbox2CompleteCallback  stm32f4xx_hal_can.o
    0x08002794   0x08002794   0x00000002   Code   RO         2831    i.HAL_CAN_WakeUpFromRxMsgCallback  stm32f4xx_hal_can.o
    0x08002796   0x08002796   0x00000092   Code   RO         2126    i.HAL_DMA_Abort     stm32f4xx_hal_dma.o
    0x08002828   0x08002828   0x00000024   Code   RO         2127    i.HAL_DMA_Abort_IT  stm32f4xx_hal_dma.o
    0x0800284c   0x0800284c   0x00000004   Code   RO         2129    i.HAL_DMA_GetError  stm32f4xx_hal_dma.o
    0x08002850   0x08002850   0x000001a0   Code   RO         2131    i.HAL_DMA_IRQHandler  stm32f4xx_hal_dma.o
    0x080029f0   0x080029f0   0x000000d4   Code   RO         2132    i.HAL_DMA_Init      stm32f4xx_hal_dma.o
    0x08002ac4   0x08002ac4   0x0000006e   Code   RO         2136    i.HAL_DMA_Start_IT  stm32f4xx_hal_dma.o
    0x08002b32   0x08002b32   0x00000002   PAD
    0x08002b34   0x08002b34   0x00000024   Code   RO         2545    i.HAL_Delay         stm32f4xx_hal.o
    0x08002b58   0x08002b58   0x000001f0   Code   RO         2019    i.HAL_GPIO_Init     stm32f4xx_hal_gpio.o
    0x08002d48   0x08002d48   0x0000000a   Code   RO         2021    i.HAL_GPIO_ReadPin  stm32f4xx_hal_gpio.o
    0x08002d52   0x08002d52   0x0000000a   Code   RO         2023    i.HAL_GPIO_WritePin  stm32f4xx_hal_gpio.o
    0x08002d5c   0x08002d5c   0x0000000c   Code   RO         2551    i.HAL_GetTick       stm32f4xx_hal.o
    0x08002d68   0x08002d68   0x0000005a   Code   RO         3030    i.HAL_IWDG_Init     stm32f4xx_hal_iwdg.o
    0x08002dc2   0x08002dc2   0x00000002   PAD
    0x08002dc4   0x08002dc4   0x00000010   Code   RO         2557    i.HAL_IncTick       stm32f4xx_hal.o
    0x08002dd4   0x08002dd4   0x00000034   Code   RO         2558    i.HAL_Init          stm32f4xx_hal.o
    0x08002e08   0x08002e08   0x0000008c   Code   RO         1347    i.HAL_InitTick      stm32f4xx_hal_timebase_tim.o
    0x08002e94   0x08002e94   0x0000004c   Code   RO         1323    i.HAL_MspInit       stm32f4xx_hal_msp.o
    0x08002ee0   0x08002ee0   0x0000001a   Code   RO         2408    i.HAL_NVIC_EnableIRQ  stm32f4xx_hal_cortex.o
    0x08002efa   0x08002efa   0x00000002   PAD
    0x08002efc   0x08002efc   0x00000040   Code   RO         2414    i.HAL_NVIC_SetPriority  stm32f4xx_hal_cortex.o
    0x08002f3c   0x08002f3c   0x00000024   Code   RO         2415    i.HAL_NVIC_SetPriorityGrouping  stm32f4xx_hal_cortex.o
    0x08002f60   0x08002f60   0x0000013c   Code   RO         1770    i.HAL_RCCEx_PeriphCLKConfig  stm32f4xx_hal_rcc_ex.o
    0x0800309c   0x0800309c   0x00000134   Code   RO         1665    i.HAL_RCC_ClockConfig  stm32f4xx_hal_rcc.o
    0x080031d0   0x080031d0   0x00000040   Code   RO         1669    i.HAL_RCC_GetClockConfig  stm32f4xx_hal_rcc.o
    0x08003210   0x08003210   0x00000020   Code   RO         1672    i.HAL_RCC_GetPCLK1Freq  stm32f4xx_hal_rcc.o
    0x08003230   0x08003230   0x00000020   Code   RO         1673    i.HAL_RCC_GetPCLK2Freq  stm32f4xx_hal_rcc.o
    0x08003250   0x08003250   0x00000064   Code   RO         1674    i.HAL_RCC_GetSysClockFreq  stm32f4xx_hal_rcc.o
    0x080032b4   0x080032b4   0x0000036c   Code   RO         1677    i.HAL_RCC_OscConfig  stm32f4xx_hal_rcc.o
    0x08003620   0x08003620   0x00000044   Code   RO         3070    i.HAL_RTC_GetDate   stm32f4xx_hal_rtc.o
    0x08003664   0x08003664   0x00000054   Code   RO         3072    i.HAL_RTC_GetTime   stm32f4xx_hal_rtc.o
    0x080036b8   0x080036b8   0x0000008c   Code   RO         3073    i.HAL_RTC_Init      stm32f4xx_hal_rtc.o
    0x08003744   0x08003744   0x00000038   Code   RO          919    i.HAL_RTC_MspInit   rtc.o
    0x0800377c   0x0800377c   0x00000098   Code   RO         3079    i.HAL_RTC_SetDate   stm32f4xx_hal_rtc.o
    0x08003814   0x08003814   0x000000c0   Code   RO         3080    i.HAL_RTC_SetTime   stm32f4xx_hal_rtc.o
    0x080038d4   0x080038d4   0x00000036   Code   RO         3081    i.HAL_RTC_WaitForSynchro  stm32f4xx_hal_rtc.o
    0x0800390a   0x0800390a   0x00000008   Code   RO          666    i.HAL_SD_AbortCallback  bsp_driver_sd.o
    0x08003912   0x08003912   0x00000002   Code   RO         3753    i.HAL_SD_ErrorCallback  stm32f4xx_hal_sd.o
    0x08003914   0x08003914   0x00000050   Code   RO         3754    i.HAL_SD_GetCardCID  stm32f4xx_hal_sd.o
    0x08003964   0x08003964   0x00000198   Code   RO         3755    i.HAL_SD_GetCardCSD  stm32f4xx_hal_sd.o
    0x08003afc   0x08003afc   0x00000024   Code   RO         3756    i.HAL_SD_GetCardInfo  stm32f4xx_hal_sd.o
    0x08003b20   0x08003b20   0x0000002c   Code   RO         3757    i.HAL_SD_GetCardState  stm32f4xx_hal_sd.o
    0x08003b4c   0x08003b4c   0x00000208   Code   RO         3761    i.HAL_SD_IRQHandler  stm32f4xx_hal_sd.o
    0x08003d54   0x08003d54   0x00000036   Code   RO         3762    i.HAL_SD_Init       stm32f4xx_hal_sd.o
    0x08003d8a   0x08003d8a   0x00000002   PAD
    0x08003d8c   0x08003d8c   0x0000007c   Code   RO         3763    i.HAL_SD_InitCard   stm32f4xx_hal_sd.o
    0x08003e08   0x08003e08   0x00000144   Code   RO          961    i.HAL_SD_MspInit    sdio.o
    0x08003f4c   0x08003f4c   0x00000124   Code   RO         3767    i.HAL_SD_ReadBlocks_DMA  stm32f4xx_hal_sd.o
    0x08004070   0x08004070   0x00000008   Code   RO          667    i.HAL_SD_RxCpltCallback  bsp_driver_sd.o
    0x08004078   0x08004078   0x00000008   Code   RO          668    i.HAL_SD_TxCpltCallback  bsp_driver_sd.o
    0x08004080   0x08004080   0x00000120   Code   RO         3772    i.HAL_SD_WriteBlocks_DMA  stm32f4xx_hal_sd.o
    0x080041a0   0x080041a0   0x00000002   Code   RO         4678    i.HAL_TIMEx_BreakCallback  stm32f4xx_hal_tim_ex.o
    0x080041a2   0x080041a2   0x00000002   Code   RO         4679    i.HAL_TIMEx_CommutCallback  stm32f4xx_hal_tim_ex.o
    0x080041a4   0x080041a4   0x00000090   Code   RO         4697    i.HAL_TIMEx_MasterConfigSynchronization  stm32f4xx_hal_tim_ex.o
    0x08004234   0x08004234   0x0000005a   Code   RO         3974    i.HAL_TIM_Base_Init  stm32f4xx_hal_tim.o
    0x0800428e   0x0800428e   0x00000002   PAD
    0x08004290   0x08004290   0x0000017c   Code   RO         1003    i.HAL_TIM_Base_MspInit  tim.o
    0x0800440c   0x0800440c   0x00000080   Code   RO         3979    i.HAL_TIM_Base_Start_IT  stm32f4xx_hal_tim.o
    0x0800448c   0x0800448c   0x000000dc   Code   RO         3983    i.HAL_TIM_ConfigClockSource  stm32f4xx_hal_tim.o
    0x08004568   0x08004568   0x00000284   Code   RO          347    i.HAL_TIM_IC_CaptureCallback  freertos.o
    0x080047ec   0x080047ec   0x0000011e   Code   RO         4010    i.HAL_TIM_IC_ConfigChannel  stm32f4xx_hal_tim.o
    0x0800490a   0x0800490a   0x0000005a   Code   RO         4013    i.HAL_TIM_IC_Init   stm32f4xx_hal_tim.o
    0x08004964   0x08004964   0x00000002   Code   RO         4015    i.HAL_TIM_IC_MspInit  stm32f4xx_hal_tim.o
    0x08004966   0x08004966   0x00000002   PAD
    0x08004968   0x08004968   0x0000010c   Code   RO         4018    i.HAL_TIM_IC_Start_IT  stm32f4xx_hal_tim.o
    0x08004a74   0x08004a74   0x00000092   Code   RO         4021    i.HAL_TIM_IC_Stop_IT  stm32f4xx_hal_tim.o
    0x08004b06   0x08004b06   0x00000166   Code   RO         4022    i.HAL_TIM_IRQHandler  stm32f4xx_hal_tim.o
    0x08004c6c   0x08004c6c   0x00000002   Code   RO         4025    i.HAL_TIM_OC_DelayElapsedCallback  stm32f4xx_hal_tim.o
    0x08004c6e   0x08004c6e   0x00000002   Code   RO         4052    i.HAL_TIM_PWM_PulseFinishedCallback  stm32f4xx_hal_tim.o
    0x08004c70   0x08004c70   0x00000184   Code   RO           14    i.HAL_TIM_PeriodElapsedCallback  main.o
    0x08004df4   0x08004df4   0x00000002   Code   RO         4065    i.HAL_TIM_TriggerCallback  stm32f4xx_hal_tim.o
    0x08004df6   0x08004df6   0x00000002   Code   RO         4956    i.HAL_UARTEx_RxEventCallback  stm32f4xx_hal_uart.o
    0x08004df8   0x08004df8   0x00000094   Code   RO         4959    i.HAL_UART_AbortReceive  stm32f4xx_hal_uart.o
    0x08004e8c   0x08004e8c   0x00000002   Code   RO         4970    i.HAL_UART_ErrorCallback  stm32f4xx_hal_uart.o
    0x08004e8e   0x08004e8e   0x00000002   PAD
    0x08004e90   0x08004e90   0x00000268   Code   RO         4973    i.HAL_UART_IRQHandler  stm32f4xx_hal_uart.o
    0x080050f8   0x080050f8   0x00000062   Code   RO         4974    i.HAL_UART_Init     stm32f4xx_hal_uart.o
    0x0800515a   0x0800515a   0x00000002   PAD
    0x0800515c   0x0800515c   0x00000188   Code   RO         1075    i.HAL_UART_MspInit  usart.o
    0x080052e4   0x080052e4   0x0000002a   Code   RO         4978    i.HAL_UART_Receive_DMA  stm32f4xx_hal_uart.o
    0x0800530e   0x0800530e   0x0000002a   Code   RO         4979    i.HAL_UART_Receive_IT  stm32f4xx_hal_uart.o
    0x08005338   0x08005338   0x0000006c   Code   RO          348    i.HAL_UART_RxCpltCallback  freertos.o
    0x080053a4   0x080053a4   0x00000002   Code   RO         4981    i.HAL_UART_RxHalfCpltCallback  stm32f4xx_hal_uart.o
    0x080053a6   0x080053a6   0x00000002   PAD
    0x080053a8   0x080053a8   0x000000b2   Code   RO         4982    i.HAL_UART_Transmit  stm32f4xx_hal_uart.o
    0x0800545a   0x0800545a   0x00000002   Code   RO         4985    i.HAL_UART_TxCpltCallback  stm32f4xx_hal_uart.o
    0x0800545c   0x0800545c   0x00000024   Code   RO         1154    i.HardFault_Handler  stm32f4xx_it.o
    0x08005480   0x08005480   0x0000001c   Code   RO          349    i.IWDG_Handle       freertos.o
    0x0800549c   0x0800549c   0x000000d4   Code   RO          532    i.MX_ADC1_Init      adc.o
    0x08005570   0x08005570   0x0000007c   Code   RO          533    i.MX_ADC2_Init      adc.o
    0x080055ec   0x080055ec   0x00000060   Code   RO          588    i.MX_CAN1_Init      can.o
    0x0800564c   0x0800564c   0x0000008c   Code   RO          628    i.MX_DMA_Init       dma.o
    0x080056d8   0x080056d8   0x0000001c   Code   RO          850    i.MX_FATFS_Init     fatfs.o
    0x080056f4   0x080056f4   0x000005f0   Code   RO          350    i.MX_FREERTOS_Init  freertos.o
    0x08005ce4   0x08005ce4   0x0000005c   Code   RO          314    i.MX_GPIO_Init      gpio.o
    0x08005d40   0x08005d40   0x00000038   Code   RO          888    i.MX_IWDG_Init      iwdg.o
    0x08005d78   0x08005d78   0x00000084   Code   RO          920    i.MX_RTC_Init       rtc.o
    0x08005dfc   0x08005dfc   0x00000020   Code   RO          962    i.MX_SDIO_SD_Init   sdio.o
    0x08005e1c   0x08005e1c   0x00000038   Code   RO         1004    i.MX_TIM13_Init     tim.o
    0x08005e54   0x08005e54   0x00000038   Code   RO         1005    i.MX_TIM14_Init     tim.o
    0x08005e8c   0x08005e8c   0x000000c0   Code   RO         1006    i.MX_TIM2_Init      tim.o
    0x08005f4c   0x08005f4c   0x000000c8   Code   RO         1007    i.MX_TIM3_Init      tim.o
    0x08006014   0x08006014   0x000000a8   Code   RO         1008    i.MX_TIM5_Init      tim.o
    0x080060bc   0x080060bc   0x00000048   Code   RO         1009    i.MX_TIM7_Init      tim.o
    0x08006104   0x08006104   0x00000038   Code   RO         1076    i.MX_USART1_UART_Init  usart.o
    0x0800613c   0x0800613c   0x00000054   Code   RO         1077    i.MX_USART2_UART_Init  usart.o
    0x08006190   0x08006190   0x00000070   Code   RO         1078    i.MX_USART3_UART_Init  usart.o
    0x08006200   0x08006200   0x00000002   Code   RO         1155    i.MemManage_Handler  stm32f4xx_it.o
    0x08006202   0x08006202   0x0000002a   Code   RO         8082    i.NMEA_Comma_Pos    gps.o
    0x0800622c   0x0800622c   0x00000044   Code   RO         8083    i.NMEA_GPGGA_Analysis  gps.o
    0x08006270   0x08006270   0x0000009c   Code   RO         8084    i.NMEA_GPGSA_Analysis  gps.o
    0x0800630c   0x0800630c   0x000000ec   Code   RO         8085    i.NMEA_GPGSV_Analysis  gps.o
    0x080063f8   0x080063f8   0x00000228   Code   RO         8086    i.NMEA_GPRMC_Analysis  gps.o
    0x08006620   0x08006620   0x00000010   Code   RO         8088    i.NMEA_Pow          gps.o
    0x08006630   0x08006630   0x000000c0   Code   RO         8089    i.NMEA_Str2num      gps.o
    0x080066f0   0x080066f0   0x00000002   Code   RO         1156    i.NMI_Handler       stm32f4xx_it.o
    0x080066f2   0x080066f2   0x00000002   PAD
    0x080066f4   0x080066f4   0x00000380   Code   RO          351    i.Oadc_Handle       freertos.o
    0x08006a74   0x08006a74   0x00000354   Code   RO          352    i.OilDisplayment_Handle  freertos.o
    0x08006dc8   0x08006dc8   0x000001bc   Code   RO          353    i.OneNet_FillBuf    freertos.o
    0x08006f84   0x08006f84   0x0000011c   Code   RO          354    i.OneNet_Send       freertos.o
    0x080070a0   0x080070a0   0x00000012   Code   RO         3082    i.RTC_Bcd2ToByte    stm32f4xx_hal_rtc.o
    0x080070b2   0x080070b2   0x00000018   Code   RO         3083    i.RTC_ByteToBcd2    stm32f4xx_hal_rtc.o
    0x080070ca   0x080070ca   0x00000002   PAD
    0x080070cc   0x080070cc   0x00000048   Code   RO         3084    i.RTC_EnterInitMode  stm32f4xx_hal_rtc.o
    0x08007114   0x08007114   0x0000002a   Code   RO         3085    i.RTC_ExitInitMode  stm32f4xx_hal_rtc.o
    0x0800713e   0x0800713e   0x00000002   PAD
    0x08007140   0x08007140   0x00000038   Code   RO          355    i.RTC_Handle        freertos.o
    0x08007178   0x08007178   0x00000048   Code   RO         7930    i.RingBuffer_In     ringbuffer.o
    0x080071c0   0x080071c0   0x00000058   Code   RO         7931    i.RingBuffer_Malloc  ringbuffer.o
    0x08007218   0x08007218   0x00000046   Code   RO         7932    i.RingBuffer_Out    ringbuffer.o
    0x0800725e   0x0800725e   0x00000002   PAD
    0x08007260   0x08007260   0x00000120   Code   RO          356    i.RingBuffer_Read_Handle  freertos.o
    0x08007380   0x08007380   0x00000024   Code   RO         3461    i.SDIO_ConfigData   stm32f4xx_ll_sdmmc.o
    0x080073a4   0x080073a4   0x00000008   Code   RO         3465    i.SDIO_GetPowerState  stm32f4xx_ll_sdmmc.o
    0x080073ac   0x080073ac   0x00000006   Code   RO         3466    i.SDIO_GetResponse  stm32f4xx_ll_sdmmc.o
    0x080073b2   0x080073b2   0x00000002   PAD
    0x080073b4   0x080073b4   0x0000000c   Code   RO         1157    i.SDIO_IRQHandler   stm32f4xx_it.o
    0x080073c0   0x080073c0   0x00000024   Code   RO         3467    i.SDIO_Init         stm32f4xx_ll_sdmmc.o
    0x080073e4   0x080073e4   0x00000008   Code   RO         3469    i.SDIO_PowerState_ON  stm32f4xx_ll_sdmmc.o
    0x080073ec   0x080073ec   0x00000006   Code   RO         3470    i.SDIO_ReadFIFO     stm32f4xx_ll_sdmmc.o
    0x080073f2   0x080073f2   0x00000020   Code   RO         3471    i.SDIO_SendCommand  stm32f4xx_ll_sdmmc.o
    0x08007412   0x08007412   0x0000000a   Code   RO         3473    i.SDIO_WriteFIFO    stm32f4xx_ll_sdmmc.o
    0x0800741c   0x0800741c   0x00000032   Code   RO         3474    i.SDMMC_CmdAppCommand  stm32f4xx_ll_sdmmc.o
    0x0800744e   0x0800744e   0x00000002   PAD
    0x08007450   0x08007450   0x00000034   Code   RO         3475    i.SDMMC_CmdAppOperCommand  stm32f4xx_ll_sdmmc.o
    0x08007484   0x08007484   0x00000032   Code   RO         3476    i.SDMMC_CmdBlockLength  stm32f4xx_ll_sdmmc.o
    0x080074b6   0x080074b6   0x00000002   PAD
    0x080074b8   0x080074b8   0x00000050   Code   RO         3481    i.SDMMC_CmdGoIdleState  stm32f4xx_ll_sdmmc.o
    0x08007508   0x08007508   0x00000030   Code   RO         3483    i.SDMMC_CmdOperCond  stm32f4xx_ll_sdmmc.o
    0x08007538   0x08007538   0x00000032   Code   RO         3484    i.SDMMC_CmdReadMultiBlock  stm32f4xx_ll_sdmmc.o
    0x0800756a   0x0800756a   0x00000032   Code   RO         3485    i.SDMMC_CmdReadSingleBlock  stm32f4xx_ll_sdmmc.o
    0x0800759c   0x0800759c   0x00000032   Code   RO         3488    i.SDMMC_CmdSelDesel  stm32f4xx_ll_sdmmc.o
    0x080075ce   0x080075ce   0x0000002c   Code   RO         3489    i.SDMMC_CmdSendCID  stm32f4xx_ll_sdmmc.o
    0x080075fa   0x080075fa   0x0000002c   Code   RO         3490    i.SDMMC_CmdSendCSD  stm32f4xx_ll_sdmmc.o
    0x08007626   0x08007626   0x00000032   Code   RO         3493    i.SDMMC_CmdSendStatus  stm32f4xx_ll_sdmmc.o
    0x08007658   0x08007658   0x00000030   Code   RO         3494    i.SDMMC_CmdSetRelAdd  stm32f4xx_ll_sdmmc.o
    0x08007688   0x08007688   0x00000034   Code   RO         3497    i.SDMMC_CmdStopTransfer  stm32f4xx_ll_sdmmc.o
    0x080076bc   0x080076bc   0x00000032   Code   RO         3499    i.SDMMC_CmdWriteMultiBlock  stm32f4xx_ll_sdmmc.o
    0x080076ee   0x080076ee   0x00000032   Code   RO         3500    i.SDMMC_CmdWriteSingleBlock  stm32f4xx_ll_sdmmc.o
    0x08007720   0x08007720   0x00000120   Code   RO         3501    i.SDMMC_GetCmdResp1  stm32f4xx_ll_sdmmc.o
    0x08007840   0x08007840   0x00000050   Code   RO         3502    i.SDMMC_GetCmdResp2  stm32f4xx_ll_sdmmc.o
    0x08007890   0x08007890   0x00000044   Code   RO         3503    i.SDMMC_GetCmdResp3  stm32f4xx_ll_sdmmc.o
    0x080078d4   0x080078d4   0x00000088   Code   RO         3504    i.SDMMC_GetCmdResp6  stm32f4xx_ll_sdmmc.o
    0x0800795c   0x0800795c   0x00000058   Code   RO         3505    i.SDMMC_GetCmdResp7  stm32f4xx_ll_sdmmc.o
    0x080079b4   0x080079b4   0x00000020   Code   RO          775    i.SD_CheckStatus    sd_diskio.o
    0x080079d4   0x080079d4   0x00000024   Code   RO          776    i.SD_CheckStatusWithTimeout  sd_diskio.o
    0x080079f8   0x080079f8   0x00000064   Code   RO         3774    i.SD_DMAError       stm32f4xx_hal_sd.o
    0x08007a5c   0x08007a5c   0x00000042   Code   RO         3775    i.SD_DMAReceiveCplt  stm32f4xx_hal_sd.o
    0x08007a9e   0x08007a9e   0x00000044   Code   RO         3776    i.SD_DMARxAbort     stm32f4xx_hal_sd.o
    0x08007ae2   0x08007ae2   0x0000000e   Code   RO         3777    i.SD_DMATransmitCplt  stm32f4xx_hal_sd.o
    0x08007af0   0x08007af0   0x00000044   Code   RO         3778    i.SD_DMATxAbort     stm32f4xx_hal_sd.o
    0x08007b34   0x08007b34   0x000000ee   Code   RO         3780    i.SD_InitCard       stm32f4xx_hal_sd.o
    0x08007c22   0x08007c22   0x00000002   PAD
    0x08007c24   0x08007c24   0x0000007c   Code   RO          357    i.SD_Init_Handle    freertos.o
    0x08007ca0   0x08007ca0   0x000000b4   Code   RO         3781    i.SD_PowerON        stm32f4xx_hal_sd.o
    0x08007d54   0x08007d54   0x00000048   Code   RO          777    i.SD_initialize     sd_diskio.o
    0x08007d9c   0x08007d9c   0x00000050   Code   RO          778    i.SD_ioctl          sd_diskio.o
    0x08007dec   0x08007dec   0x00000068   Code   RO          779    i.SD_read           sd_diskio.o
    0x08007e54   0x08007e54   0x00000004   Code   RO          780    i.SD_status         sd_diskio.o
    0x08007e58   0x08007e58   0x00000068   Code   RO          781    i.SD_write          sd_diskio.o
    0x08007ec0   0x08007ec0   0x0000004c   Code   RO         7655    i.SensorDataUpdata  wit_c_sdk.o
    0x08007f0c   0x08007f0c   0x000000d8   Code   RO          358    i.Signal_4G_Handle  freertos.o
    0x08007fe4   0x08007fe4   0x0000001a   Code   RO         7006    i.SysTick_Handler   cmsis_os2.o
    0x08007ffe   0x08007ffe   0x00000002   PAD
    0x08008000   0x08008000   0x00000098   Code   RO           15    i.SystemClock_Config  main.o
    0x08008098   0x08008098   0x00000010   Code   RO         5303    i.SystemInit        system_stm32f4xx.o
    0x080080a8   0x080080a8   0x0000000c   Code   RO         1158    i.TIM1_UP_TIM10_IRQHandler  stm32f4xx_it.o
    0x080080b4   0x080080b4   0x0000000c   Code   RO         1159    i.TIM2_IRQHandler   stm32f4xx_it.o
    0x080080c0   0x080080c0   0x0000000c   Code   RO         1160    i.TIM3_IRQHandler   stm32f4xx_it.o
    0x080080cc   0x080080cc   0x0000000c   Code   RO         1161    i.TIM5_IRQHandler   stm32f4xx_it.o
    0x080080d8   0x080080d8   0x0000000c   Code   RO         1162    i.TIM7_IRQHandler   stm32f4xx_it.o
    0x080080e4   0x080080e4   0x0000000c   Code   RO         1163    i.TIM8_TRG_COM_TIM14_IRQHandler  stm32f4xx_it.o
    0x080080f0   0x080080f0   0x0000000c   Code   RO         1164    i.TIM8_UP_TIM13_IRQHandler  stm32f4xx_it.o
    0x080080fc   0x080080fc   0x000000c8   Code   RO         4067    i.TIM_Base_SetConfig  stm32f4xx_hal_tim.o
    0x080081c4   0x080081c4   0x0000001a   Code   RO         4068    i.TIM_CCxChannelCmd  stm32f4xx_hal_tim.o
    0x080081de   0x080081de   0x00000014   Code   RO         4078    i.TIM_ETR_SetConfig  stm32f4xx_hal_tim.o
    0x080081f2   0x080081f2   0x00000010   Code   RO         4079    i.TIM_ITRx_SetConfig  stm32f4xx_hal_tim.o
    0x08008202   0x08008202   0x00000022   Code   RO         4085    i.TIM_TI1_ConfigInputStage  stm32f4xx_hal_tim.o
    0x08008224   0x08008224   0x00000080   Code   RO         4086    i.TIM_TI1_SetConfig  stm32f4xx_hal_tim.o
    0x080082a4   0x080082a4   0x00000024   Code   RO         4087    i.TIM_TI2_ConfigInputStage  stm32f4xx_hal_tim.o
    0x080082c8   0x080082c8   0x00000036   Code   RO         4088    i.TIM_TI2_SetConfig  stm32f4xx_hal_tim.o
    0x080082fe   0x080082fe   0x00000002   PAD
    0x08008300   0x08008300   0x00000c80   Code   RO          359    i.TyreSpeed_Handle  freertos.o
    0x08008f80   0x08008f80   0x00000010   Code   RO         4987    i.UART_DMAAbortOnError  stm32f4xx_hal_uart.o
    0x08008f90   0x08008f90   0x0000004a   Code   RO         4988    i.UART_DMAError     stm32f4xx_hal_uart.o
    0x08008fda   0x08008fda   0x00000082   Code   RO         4989    i.UART_DMAReceiveCplt  stm32f4xx_hal_uart.o
    0x0800905c   0x0800905c   0x0000001a   Code   RO         4991    i.UART_DMARxHalfCplt  stm32f4xx_hal_uart.o
    0x08009076   0x08009076   0x0000004e   Code   RO         4997    i.UART_EndRxTransfer  stm32f4xx_hal_uart.o
    0x080090c4   0x080090c4   0x0000001c   Code   RO         4998    i.UART_EndTxTransfer  stm32f4xx_hal_uart.o
    0x080090e0   0x080090e0   0x000000c0   Code   RO         4999    i.UART_Receive_IT   stm32f4xx_hal_uart.o
    0x080091a0   0x080091a0   0x0000010c   Code   RO         5000    i.UART_SetConfig    stm32f4xx_hal_uart.o
    0x080092ac   0x080092ac   0x00000094   Code   RO         5001    i.UART_Start_Receive_DMA  stm32f4xx_hal_uart.o
    0x08009340   0x08009340   0x0000003a   Code   RO         5002    i.UART_Start_Receive_IT  stm32f4xx_hal_uart.o
    0x0800937a   0x0800937a   0x00000078   Code   RO         5003    i.UART_WaitOnFlagUntilTimeout  stm32f4xx_hal_uart.o
    0x080093f2   0x080093f2   0x00000002   PAD
    0x080093f4   0x080093f4   0x000000c0   Code   RO         1165    i.USART2_IRQHandler  stm32f4xx_it.o
    0x080094b4   0x080094b4   0x0000000c   Code   RO         1166    i.USART3_IRQHandler  stm32f4xx_it.o
    0x080094c0   0x080094c0   0x00000064   Code   RO         8090    i.Ublox_Cfg_Ack_Check  gps.o
    0x08009524   0x08009524   0x00000064   Code   RO         8091    i.Ublox_Cfg_Cfg_Save  gps.o
    0x08009588   0x08009588   0x00000064   Code   RO         8093    i.Ublox_Cfg_Prt     gps.o
    0x080095ec   0x080095ec   0x00000048   Code   RO         8094    i.Ublox_Cfg_Rate    gps.o
    0x08009634   0x08009634   0x00000054   Code   RO         8095    i.Ublox_Cfg_Tp      gps.o
    0x08009688   0x08009688   0x00000022   Code   RO         8096    i.Ublox_CheckSum    gps.o
    0x080096aa   0x080096aa   0x00000002   PAD
    0x080096ac   0x080096ac   0x00000010   Code   RO         8097    i.Ublox_Send_Date   gps.o
    0x080096bc   0x080096bc   0x00000002   Code   RO         1167    i.UsageFault_Handler  stm32f4xx_it.o
    0x080096be   0x080096be   0x00000002   PAD
    0x080096c0   0x080096c0   0x00000038   Code   RO         7656    i.WitCanDataIn      wit_c_sdk.o
    0x080096f8   0x080096f8   0x00000014   Code   RO         7657    i.WitCanWriteRegister  wit_c_sdk.o
    0x0800970c   0x0800970c   0x00000014   Code   RO         7659    i.WitDelayMsRegister  wit_c_sdk.o
    0x08009720   0x08009720   0x0000001c   Code   RO         7661    i.WitInit           wit_c_sdk.o
    0x0800973c   0x0800973c   0x00000014   Code   RO         7663    i.WitRegisterCallBack  wit_c_sdk.o
    0x08009750   0x08009750   0x0000003c   Code   RO         7671    i.WitStartAccCali   wit_c_sdk.o
    0x0800978c   0x0800978c   0x0000003c   Code   RO         7672    i.WitStartMagCali   wit_c_sdk.o
    0x080097c8   0x080097c8   0x0000003c   Code   RO         7674    i.WitStopMagCali    wit_c_sdk.o
    0x08009804   0x08009804   0x000000e8   Code   RO         7675    i.WitWriteReg       wit_c_sdk.o
    0x080098ec   0x080098ec   0x00000084   Code   RO           16    i.Wit_Can_Send_Msg  main.o
    0x08009970   0x08009970   0x0000042c   Code   RO          360    i.Wit_Dat_Handle    freertos.o
    0x08009d9c   0x08009d9c   0x00000004   Code   RO         7676    i.Wit_Delayms       wit_c_sdk.o
    0x08009da0   0x08009da0   0x00000020   Code   RO         8473    i.__0printf         mc_w.l(printfa.o)
    0x08009dc0   0x08009dc0   0x00000028   Code   RO         8475    i.__0sprintf        mc_w.l(printfa.o)
    0x08009de8   0x08009de8   0x0000002c   Code   RO         7677    i.__CRC16           wit_c_sdk.o
    0x08009e14   0x08009e14   0x00000020   Code   RO         2421    i.__NVIC_SetPriority  stm32f4xx_hal_cortex.o
    0x08009e34   0x08009e34   0x00000008   Code   RO         8536    i.__aeabi_errno_addr  mc_w.l(errno.o)
    0x08009e3c   0x08009e3c   0x0000000e   Code   RO         8592    i.__scatterload_copy  mc_w.l(handlers.o)
    0x08009e4a   0x08009e4a   0x00000002   Code   RO         8593    i.__scatterload_null  mc_w.l(handlers.o)
    0x08009e4c   0x08009e4c   0x0000000e   Code   RO         8594    i.__scatterload_zeroinit  mc_w.l(handlers.o)
    0x08009e5a   0x08009e5a   0x00000002   PAD
    0x08009e5c   0x08009e5c   0x00000184   Code   RO         8480    i._fp_digits        mc_w.l(printfa.o)
    0x08009fe0   0x08009fe0   0x000006b4   Code   RO         8481    i._printf_core      mc_w.l(printfa.o)
    0x0800a694   0x0800a694   0x00000024   Code   RO         8482    i._printf_post_padding  mc_w.l(printfa.o)
    0x0800a6b8   0x0800a6b8   0x0000002e   Code   RO         8483    i._printf_pre_padding  mc_w.l(printfa.o)
    0x0800a6e6   0x0800a6e6   0x0000000a   Code   RO         8485    i._sputc            mc_w.l(printfa.o)
    0x0800a6f0   0x0800a6f0   0x00000070   Code   RO         5395    i.check_fs          ff.o
    0x0800a760   0x0800a760   0x00000010   Code   RO         5396    i.chk_chr           ff.o
    0x0800a770   0x0800a770   0x0000005c   Code   RO         5397    i.chk_lock          ff.o
    0x0800a7cc   0x0800a7cc   0x00000020   Code   RO         5398    i.clear_lock        ff.o
    0x0800a7ec   0x0800a7ec   0x00000026   Code   RO         5399    i.clmt_clust        ff.o
    0x0800a812   0x0800a812   0x00000018   Code   RO         5400    i.clust2sect        ff.o
    0x0800a82a   0x0800a82a   0x00000002   PAD
    0x0800a82c   0x0800a82c   0x00000080   Code   RO         5401    i.cmp_lfn           ff.o
    0x0800a8ac   0x0800a8ac   0x000000a4   Code   RO         5402    i.create_chain      ff.o
    0x0800a950   0x0800a950   0x00000244   Code   RO         5403    i.create_name       ff.o
    0x0800ab94   0x0800ab94   0x00000034   Code   RO         5404    i.dec_lock          ff.o
    0x0800abc8   0x0800abc8   0x000000d0   Code   RO         5405    i.dir_find          ff.o
    0x0800ac98   0x0800ac98   0x00000102   Code   RO         5406    i.dir_next          ff.o
    0x0800ad9a   0x0800ad9a   0x00000002   PAD
    0x0800ad9c   0x0800ad9c   0x000001e4   Code   RO         5408    i.dir_register      ff.o
    0x0800af80   0x0800af80   0x0000008e   Code   RO         5410    i.dir_sdi           ff.o
    0x0800b00e   0x0800b00e   0x00000002   PAD
    0x0800b010   0x0800b010   0x00000028   Code   RO         5340    i.disk_initialize   diskio.o
    0x0800b038   0x0800b038   0x0000001c   Code   RO         5341    i.disk_ioctl        diskio.o
    0x0800b054   0x0800b054   0x0000001c   Code   RO         5342    i.disk_read         diskio.o
    0x0800b070   0x0800b070   0x00000018   Code   RO         5343    i.disk_status       diskio.o
    0x0800b088   0x0800b088   0x0000001c   Code   RO         5344    i.disk_write        diskio.o
    0x0800b0a4   0x0800b0a4   0x0000006c   Code   RO         7975    i.dtu_config_init   atk_m750.o
    0x0800b110   0x0800b110   0x00000054   Code   RO         7976    i.dtu_config_work_param  atk_m750.o
    0x0800b164   0x0800b164   0x00000034   Code   RO         7977    i.dtu_enter_configmode  atk_m750.o
    0x0800b198   0x0800b198   0x00000028   Code   RO         7978    i.dtu_enter_transfermode  atk_m750.o
    0x0800b1c0   0x0800b1c0   0x00000030   Code   RO         5411    i.f_close           ff.o
    0x0800b1f0   0x0800b1f0   0x0000007c   Code   RO         5418    i.f_mount           ff.o
    0x0800b26c   0x0800b26c   0x0000022c   Code   RO         5419    i.f_open            ff.o
    0x0800b498   0x0800b498   0x000000a2   Code   RO         5428    i.f_sync            ff.o
    0x0800b53a   0x0800b53a   0x000001dc   Code   RO         5431    i.f_write           ff.o
    0x0800b716   0x0800b716   0x00000002   PAD
    0x0800b718   0x0800b718   0x0000004c   Code   RO         5864    i.ff_convert        cc936.o
    0x0800b764   0x0800b764   0x00000018   Code   RO         5816    i.ff_cre_syncobj    syscall.o
    0x0800b77c   0x0800b77c   0x0000000a   Code   RO         5817    i.ff_del_syncobj    syscall.o
    0x0800b786   0x0800b786   0x00000004   Code   RO         5818    i.ff_rel_grant      syscall.o
    0x0800b78a   0x0800b78a   0x00000014   Code   RO         5819    i.ff_req_grant      syscall.o
    0x0800b79e   0x0800b79e   0x00000002   PAD
    0x0800b7a0   0x0800b7a0   0x00000080   Code   RO         5865    i.ff_wtoupper       cc936.o
    0x0800b820   0x0800b820   0x00000294   Code   RO         5432    i.find_volume       ff.o
    0x0800bab4   0x0800bab4   0x0000007a   Code   RO         5433    i.follow_path       ff.o
    0x0800bb2e   0x0800bb2e   0x00000002   PAD
    0x0800bb30   0x0800bb30   0x00000018   Code   RO         1079    i.fputc             usart.o
    0x0800bb48   0x0800bb48   0x0000008c   Code   RO         5434    i.gen_numname       ff.o
    0x0800bbd4   0x0800bbd4   0x000000e8   Code   RO         5435    i.get_fat           ff.o
    0x0800bcbc   0x0800bcbc   0x00000004   Code   RO          851    i.get_fattime       fatfs.o
    0x0800bcc0   0x0800bcc0   0x0000003c   Code   RO         5437    i.get_ldnumber      ff.o
    0x0800bcfc   0x0800bcfc   0x00000080   Code   RO         5438    i.inc_lock          ff.o
    0x0800bd7c   0x0800bd7c   0x00000026   Code   RO         5439    i.ld_clust          ff.o
    0x0800bda2   0x0800bda2   0x00000016   Code   RO         5440    i.ld_dword          ff.o
    0x0800bdb8   0x0800bdb8   0x0000000a   Code   RO         5441    i.ld_word           ff.o
    0x0800bdc2   0x0800bdc2   0x00000014   Code   RO         5442    i.lock_fs           ff.o
    0x0800bdd6   0x0800bdd6   0x00000002   PAD
    0x0800bdd8   0x0800bdd8   0x000000bc   Code   RO           17    i.main              main.o
    0x0800be94   0x0800be94   0x00000012   Code   RO         5443    i.mem_cpy           ff.o
    0x0800bea6   0x0800bea6   0x00000002   PAD
    0x0800bea8   0x0800bea8   0x0000000e   Code   RO         5444    i.mem_set           ff.o
    0x0800beb6   0x0800beb6   0x00000032   Code   RO         5445    i.move_window       ff.o
    0x0800bee8   0x0800bee8   0x00000058   Code   RO         7848    i.my_mem_free       malloc.o
    0x0800bf40   0x0800bf40   0x0000003c   Code   RO         7849    i.my_mem_init       malloc.o
    0x0800bf7c   0x0800bf7c   0x00000090   Code   RO         7850    i.my_mem_malloc     malloc.o
    0x0800c00c   0x0800c00c   0x00000038   Code   RO         7851    i.my_mem_perused    malloc.o
    0x0800c044   0x0800c044   0x00000018   Code   RO         7852    i.myfree            malloc.o
    0x0800c05c   0x0800c05c   0x00000020   Code   RO         7853    i.mymalloc          malloc.o
    0x0800c07c   0x0800c07c   0x0000000e   Code   RO         7855    i.mymemset          malloc.o
    0x0800c08a   0x0800c08a   0x0000001a   Code   RO         7008    i.osDelay           cmsis_os2.o
    0x0800c0a4   0x0800c0a4   0x0000003e   Code   RO         7010    i.osEventFlagsClear  cmsis_os2.o
    0x0800c0e2   0x0800c0e2   0x00000016   Code   RO         7012    i.osEventFlagsGet   cmsis_os2.o
    0x0800c0f8   0x0800c0f8   0x0000002c   Code   RO         7013    i.osEventFlagsNew   cmsis_os2.o
    0x0800c124   0x0800c124   0x00000054   Code   RO         7014    i.osEventFlagsSet   cmsis_os2.o
    0x0800c178   0x0800c178   0x00000062   Code   RO         7015    i.osEventFlagsWait  cmsis_os2.o
    0x0800c1da   0x0800c1da   0x00000002   PAD
    0x0800c1dc   0x0800c1dc   0x00000020   Code   RO         7017    i.osKernelGetState  cmsis_os2.o
    0x0800c1fc   0x0800c1fc   0x0000000e   Code   RO         7020    i.osKernelGetTickCount  cmsis_os2.o
    0x0800c20a   0x0800c20a   0x00000002   PAD
    0x0800c20c   0x0800c20c   0x00000024   Code   RO         7022    i.osKernelInitialize  cmsis_os2.o
    0x0800c230   0x0800c230   0x0000002a   Code   RO         7023    i.osKernelLock      cmsis_os2.o
    0x0800c25a   0x0800c25a   0x00000002   PAD
    0x0800c25c   0x0800c25c   0x00000038   Code   RO         7025    i.osKernelStart     cmsis_os2.o
    0x0800c294   0x0800c294   0x0000003a   Code   RO         7026    i.osKernelUnlock    cmsis_os2.o
    0x0800c2ce   0x0800c2ce   0x00000002   PAD
    0x0800c2d0   0x0800c2d0   0x00000064   Code   RO         7037    i.osMessageQueueGet  cmsis_os2.o
    0x0800c334   0x0800c334   0x00000058   Code   RO         7042    i.osMessageQueueNew  cmsis_os2.o
    0x0800c38c   0x0800c38c   0x00000068   Code   RO         7043    i.osMessageQueuePut  cmsis_os2.o
    0x0800c3f4   0x0800c3f4   0x00000052   Code   RO         7045    i.osMutexAcquire    cmsis_os2.o
    0x0800c446   0x0800c446   0x00000068   Code   RO         7048    i.osMutexNew        cmsis_os2.o
    0x0800c4ae   0x0800c4ae   0x00000042   Code   RO         7049    i.osMutexRelease    cmsis_os2.o
    0x0800c4f0   0x0800c4f0   0x0000005c   Code   RO         7050    i.osSemaphoreAcquire  cmsis_os2.o
    0x0800c54c   0x0800c54c   0x0000002a   Code   RO         7051    i.osSemaphoreDelete  cmsis_os2.o
    0x0800c576   0x0800c576   0x00000098   Code   RO         7053    i.osSemaphoreNew    cmsis_os2.o
    0x0800c60e   0x0800c60e   0x00000002   PAD
    0x0800c610   0x0800c610   0x00000058   Code   RO         7054    i.osSemaphoreRelease  cmsis_os2.o
    0x0800c668   0x0800c668   0x0000008a   Code   RO         7067    i.osThreadNew       cmsis_os2.o
    0x0800c6f2   0x0800c6f2   0x00000002   PAD
    0x0800c6f4   0x0800c6f4   0x000001d8   Code   RO          361    i.printf_sdcard_info  freertos.o
    0x0800c8cc   0x0800c8cc   0x0000005c   Code   RO         6467    i.prvAddCurrentTaskToDelayedList  tasks.o
    0x0800c928   0x0800c928   0x000000d0   Code   RO         6468    i.prvAddNewTaskToReadyList  tasks.o
    0x0800c9f8   0x0800c9f8   0x00000058   Code   RO         6832    i.prvCheckForValidListAndQueue  timers.o
    0x0800ca50   0x0800ca50   0x00000026   Code   RO         6064    i.prvCopyDataFromQueue  queue.o
    0x0800ca76   0x0800ca76   0x0000006c   Code   RO         6065    i.prvCopyDataToQueue  queue.o
    0x0800cae2   0x0800cae2   0x00000034   Code   RO         6469    i.prvDeleteTCB      tasks.o
    0x0800cb16   0x0800cb16   0x00000002   PAD
    0x0800cb18   0x0800cb18   0x0000004c   Code   RO         7519    i.prvHeapInit       heap_4.o
    0x0800cb64   0x0800cb64   0x00000060   Code   RO         6470    i.prvIdleTask       tasks.o
    0x0800cbc4   0x0800cbc4   0x00000016   Code   RO         6066    i.prvInitialiseMutex  queue.o
    0x0800cbda   0x0800cbda   0x00000002   PAD
    0x0800cbdc   0x0800cbdc   0x00000022   Code   RO         6067    i.prvInitialiseNewQueue  queue.o
    0x0800cbfe   0x0800cbfe   0x00000002   PAD
    0x0800cc00   0x0800cc00   0x000000b0   Code   RO         6471    i.prvInitialiseNewTask  tasks.o
    0x0800ccb0   0x0800ccb0   0x0000004c   Code   RO         7520    i.prvInsertBlockIntoFreeList  heap_4.o
    0x0800ccfc   0x0800ccfc   0x00000038   Code   RO         6834    i.prvInsertTimerInActiveList  timers.o
    0x0800cd34   0x0800cd34   0x0000001c   Code   RO         6068    i.prvIsQueueEmpty   queue.o
    0x0800cd50   0x0800cd50   0x000000fc   Code   RO         6835    i.prvProcessReceivedCommands  timers.o
    0x0800ce4c   0x0800ce4c   0x000000c0   Code   RO         6836    i.prvProcessTimerOrBlockTask  timers.o
    0x0800cf0c   0x0800cf0c   0x00000020   Code   RO         6473    i.prvResetNextTaskUnblockTime  tasks.o
    0x0800cf2c   0x0800cf2c   0x00000028   Code   RO         6837    i.prvSampleTimeNow  timers.o
    0x0800cf54   0x0800cf54   0x0000006c   Code   RO         6838    i.prvSwitchTimerLists  timers.o
    0x0800cfc0   0x0800cfc0   0x00000028   Code   RO         7575    i.prvTaskExitError  port.o
    0x0800cfe8   0x0800cfe8   0x00000014   Code   RO         5902    i.prvTestWaitCondition  event_groups.o
    0x0800cffc   0x0800cffc   0x00000024   Code   RO         6839    i.prvTimerTask      timers.o
    0x0800d020   0x0800d020   0x0000006a   Code   RO         6069    i.prvUnlockQueue    queue.o
    0x0800d08a   0x0800d08a   0x00000124   Code   RO         5447    i.put_fat           ff.o
    0x0800d1ae   0x0800d1ae   0x00000002   PAD
    0x0800d1b0   0x0800d1b0   0x000000dc   Code   RO         7521    i.pvPortMalloc      heap_4.o
    0x0800d28c   0x0800d28c   0x00000018   Code   RO         6476    i.pvTaskIncrementMutexHeldCount  tasks.o
    0x0800d2a4   0x0800d2a4   0x0000002c   Code   RO         7576    i.pxPortInitialiseStack  port.o
    0x0800d2d0   0x0800d2d0   0x00000074   Code   RO         5450    i.remove_chain      ff.o
    0x0800d344   0x0800d344   0x000000a8   Code   RO         7986    i.send_cmd_to_dtu   atk_m750.o
    0x0800d3ec   0x0800d3ec   0x00000024   Code   RO         7987    i.send_data_to_dtu  atk_m750.o
    0x0800d410   0x0800d410   0x00000028   Code   RO         5451    i.st_clust          ff.o
    0x0800d438   0x0800d438   0x00000010   Code   RO         5452    i.st_dword          ff.o
    0x0800d448   0x0800d448   0x00000008   Code   RO         5453    i.st_word           ff.o
    0x0800d450   0x0800d450   0x0000001a   Code   RO         5454    i.sum_sfn           ff.o
    0x0800d46a   0x0800d46a   0x00000002   PAD
    0x0800d46c   0x0800d46c   0x00000088   Code   RO         5455    i.sync_fs           ff.o
    0x0800d4f4   0x0800d4f4   0x00000052   Code   RO         5456    i.sync_window       ff.o
    0x0800d546   0x0800d546   0x00000018   Code   RO         5457    i.unlock_fs         ff.o
    0x0800d55e   0x0800d55e   0x00000002   PAD
    0x0800d560   0x0800d560   0x0000004c   Code   RO         1080    i.usart3_init       usart.o
    0x0800d5ac   0x0800d5ac   0x00000026   Code   RO         6024    i.uxListRemove      list.o
    0x0800d5d2   0x0800d5d2   0x00000002   PAD
    0x0800d5d4   0x0800d5d4   0x00000018   Code   RO         6485    i.uxTaskResetEventItemValue  tasks.o
    0x0800d5ec   0x0800d5ec   0x00000014   Code   RO         7079    i.vApplicationGetIdleTaskMemory  cmsis_os2.o
    0x0800d600   0x0800d600   0x00000018   Code   RO         7080    i.vApplicationGetTimerTaskMemory  cmsis_os2.o
    0x0800d618   0x0800d618   0x00000004   Code   RO         5904    i.vEventGroupClearBitsCallback  event_groups.o
    0x0800d61c   0x0800d61c   0x00000004   Code   RO         5906    i.vEventGroupSetBitsCallback  event_groups.o
    0x0800d620   0x0800d620   0x00000016   Code   RO         6025    i.vListInitialise   list.o
    0x0800d636   0x0800d636   0x00000006   Code   RO         6026    i.vListInitialiseItem  list.o
    0x0800d63c   0x0800d63c   0x00000030   Code   RO         6027    i.vListInsert       list.o
    0x0800d66c   0x0800d66c   0x00000018   Code   RO         6028    i.vListInsertEnd    list.o
    0x0800d684   0x0800d684   0x00000040   Code   RO         7578    i.vPortEnterCritical  port.o
    0x0800d6c4   0x0800d6c4   0x00000028   Code   RO         7579    i.vPortExitCritical  port.o
    0x0800d6ec   0x0800d6ec   0x00000064   Code   RO         7522    i.vPortFree         heap_4.o
    0x0800d750   0x0800d750   0x00000024   Code   RO         7580    i.vPortSetupTimerInterrupt  port.o
    0x0800d774   0x0800d774   0x00000054   Code   RO         7581    i.vPortValidateInterruptPriority  port.o
    0x0800d7c8   0x0800d7c8   0x00000028   Code   RO         6075    i.vQueueAddToRegistry  queue.o
    0x0800d7f0   0x0800d7f0   0x0000002e   Code   RO         6076    i.vQueueDelete      queue.o
    0x0800d81e   0x0800d81e   0x00000002   PAD
    0x0800d820   0x0800d820   0x00000028   Code   RO         6078    i.vQueueUnregisterQueue  queue.o
    0x0800d848   0x0800d848   0x00000044   Code   RO         6079    i.vQueueWaitForMessageRestricted  queue.o
    0x0800d88c   0x0800d88c   0x0000004c   Code   RO         6486    i.vTaskDelay        tasks.o
    0x0800d8d8   0x0800d8d8   0x00000090   Code   RO         6488    i.vTaskDelete       tasks.o
    0x0800d968   0x0800d968   0x00000010   Code   RO         6491    i.vTaskInternalSetTimeOutState  tasks.o
    0x0800d978   0x0800d978   0x0000000c   Code   RO         6492    i.vTaskMissedYield  tasks.o
    0x0800d984   0x0800d984   0x00000030   Code   RO         6494    i.vTaskPlaceOnEventList  tasks.o
    0x0800d9b4   0x0800d9b4   0x00000038   Code   RO         6495    i.vTaskPlaceOnEventListRestricted  tasks.o
    0x0800d9ec   0x0800d9ec   0x00000050   Code   RO         6496    i.vTaskPlaceOnUnorderedEventList  tasks.o
    0x0800da3c   0x0800da3c   0x00000090   Code   RO         6497    i.vTaskPriorityDisinheritAfterTimeout  tasks.o
    0x0800dacc   0x0800dacc   0x00000070   Code   RO         6499    i.vTaskRemoveFromUnorderedEventList  tasks.o
    0x0800db3c   0x0800db3c   0x00000088   Code   RO         6503    i.vTaskStartScheduler  tasks.o
    0x0800dbc4   0x0800dbc4   0x00000010   Code   RO         6505    i.vTaskSuspendAll   tasks.o
    0x0800dbd4   0x0800dbd4   0x00000064   Code   RO         6506    i.vTaskSwitchContext  tasks.o
    0x0800dc38   0x0800dc38   0x00000048   Code   RO         5458    i.validate          ff.o
    0x0800dc80   0x0800dc80   0x00000040   Code   RO         5908    i.xEventGroupClearBits  event_groups.o
    0x0800dcc0   0x0800dcc0   0x00000010   Code   RO         5909    i.xEventGroupClearBitsFromISR  event_groups.o
    0x0800dcd0   0x0800dcd0   0x0000001c   Code   RO         5910    i.xEventGroupCreate  event_groups.o
    0x0800dcec   0x0800dcec   0x0000002c   Code   RO         5911    i.xEventGroupCreateStatic  event_groups.o
    0x0800dd18   0x0800dd18   0x0000001a   Code   RO         5912    i.xEventGroupGetBitsFromISR  event_groups.o
    0x0800dd32   0x0800dd32   0x0000008c   Code   RO         5913    i.xEventGroupSetBits  event_groups.o
    0x0800ddbe   0x0800ddbe   0x00000002   PAD
    0x0800ddc0   0x0800ddc0   0x00000010   Code   RO         5914    i.xEventGroupSetBitsFromISR  event_groups.o
    0x0800ddd0   0x0800ddd0   0x00000108   Code   RO         5916    i.xEventGroupWaitBits  event_groups.o
    0x0800ded8   0x0800ded8   0x000000f4   Code   RO         7582    i.xPortStartScheduler  port.o
    0x0800dfcc   0x0800dfcc   0x0000002c   Code   RO         7583    i.xPortSysTickHandler  port.o
    0x0800dff8   0x0800dff8   0x0000003a   Code   RO         6080    i.xQueueCreateCountingSemaphore  queue.o
    0x0800e032   0x0800e032   0x00000040   Code   RO         6081    i.xQueueCreateCountingSemaphoreStatic  queue.o
    0x0800e072   0x0800e072   0x00000016   Code   RO         6082    i.xQueueCreateMutex  queue.o
    0x0800e088   0x0800e088   0x0000001a   Code   RO         6083    i.xQueueCreateMutexStatic  queue.o
    0x0800e0a2   0x0800e0a2   0x00000042   Code   RO         6084    i.xQueueGenericCreate  queue.o
    0x0800e0e4   0x0800e0e4   0x00000066   Code   RO         6085    i.xQueueGenericCreateStatic  queue.o
    0x0800e14a   0x0800e14a   0x00000002   PAD
    0x0800e14c   0x0800e14c   0x00000088   Code   RO         6086    i.xQueueGenericReset  queue.o
    0x0800e1d4   0x0800e1d4   0x00000160   Code   RO         6087    i.xQueueGenericSend  queue.o
    0x0800e334   0x0800e334   0x000000be   Code   RO         6088    i.xQueueGenericSendFromISR  queue.o
    0x0800e3f2   0x0800e3f2   0x0000009c   Code   RO         6091    i.xQueueGiveFromISR  queue.o
    0x0800e48e   0x0800e48e   0x0000003e   Code   RO         6092    i.xQueueGiveMutexRecursive  queue.o
    0x0800e4cc   0x0800e4cc   0x00000138   Code   RO         6097    i.xQueueReceive     queue.o
    0x0800e604   0x0800e604   0x0000009a   Code   RO         6098    i.xQueueReceiveFromISR  queue.o
    0x0800e69e   0x0800e69e   0x00000002   PAD
    0x0800e6a0   0x0800e6a0   0x00000178   Code   RO         6099    i.xQueueSemaphoreTake  queue.o
    0x0800e818   0x0800e818   0x00000040   Code   RO         6100    i.xQueueTakeMutexRecursive  queue.o
    0x0800e858   0x0800e858   0x00000074   Code   RO         6508    i.xTaskCheckForTimeOut  tasks.o
    0x0800e8cc   0x0800e8cc   0x0000005a   Code   RO         6509    i.xTaskCreate       tasks.o
    0x0800e926   0x0800e926   0x00000056   Code   RO         6510    i.xTaskCreateStatic  tasks.o
    0x0800e97c   0x0800e97c   0x0000000c   Code   RO         6513    i.xTaskGetCurrentTaskHandle  tasks.o
    0x0800e988   0x0800e988   0x0000001c   Code   RO         6514    i.xTaskGetSchedulerState  tasks.o
    0x0800e9a4   0x0800e9a4   0x0000000c   Code   RO         6515    i.xTaskGetTickCount  tasks.o
    0x0800e9b0   0x0800e9b0   0x00000010   Code   RO         6516    i.xTaskGetTickCountFromISR  tasks.o
    0x0800e9c0   0x0800e9c0   0x000000c8   Code   RO         6517    i.xTaskIncrementTick  tasks.o
    0x0800ea88   0x0800ea88   0x00000080   Code   RO         6520    i.xTaskPriorityDisinherit  tasks.o
    0x0800eb08   0x0800eb08   0x00000078   Code   RO         6521    i.xTaskPriorityInherit  tasks.o
    0x0800eb80   0x0800eb80   0x00000070   Code   RO         6522    i.xTaskRemoveFromEventList  tasks.o
    0x0800ebf0   0x0800ebf0   0x000000c4   Code   RO         6523    i.xTaskResumeAll    tasks.o
    0x0800ecb4   0x0800ecb4   0x00000060   Code   RO         6848    i.xTimerCreateTimerTask  timers.o
    0x0800ed14   0x0800ed14   0x00000068   Code   RO         6849    i.xTimerGenericCommand  timers.o
    0x0800ed7c   0x0800ed7c   0x00000028   Code   RO         6855    i.xTimerPendFunctionCallFromISR  timers.o
    0x0800eda4   0x0800eda4   0x000002c4   Data   RO          376    .constdata          freertos.o
    0x0800f068   0x0800f068   0x00000014   Data   RO          782    .constdata          sd_diskio.o
    0x0800f07c   0x0800f07c   0x00000008   Data   RO         2138    .constdata          stm32f4xx_hal_dma.o
    0x0800f084   0x0800f084   0x00000010   Data   RO         5304    .constdata          system_stm32f4xx.o
    0x0800f094   0x0800f094   0x00000008   Data   RO         5305    .constdata          system_stm32f4xx.o
    0x0800f09c   0x0800f09c   0x0000002a   Data   RO         5460    .constdata          ff.o
    0x0800f0c6   0x0800f0c6   0x0002abb6   Data   RO         5866    .constdata          cc936.o
    0x08039c7c   0x08039c7c   0x00000200   Data   RO         7679    .constdata          wit_c_sdk.o
    0x08039e7c   0x08039e7c   0x00000018   Data   RO         7861    .constdata          malloc.o
    0x08039e94   0x08039e94   0x0000027c   Data   RO         7990    .constdata          atk_m750.o
    0x0803a110   0x0803a110   0x00000081   Data   RO         8559    .constdata          mc_w.l(ctype_o.o)
    0x0803a191   0x0803a191   0x00000003   PAD
    0x0803a194   0x0803a194   0x00000004   Data   RO         8560    .constdata          mc_w.l(ctype_o.o)
    0x0803a198   0x0803a198   0x00000364   Data   RO          377    .conststring        freertos.o
    0x0803a4fc   0x0803a4fc   0x000007f8   Data   RO         7991    .conststring        atk_m750.o
    0x0803acf4   0x0803acf4   0x00000020   Data   RO         8590    Region$$Table       anon$$obj.o


    Execution Region RW_IRAM1 (Exec base: 0x20000000, Load base: 0x0803ad14, Size: 0x0000b798, Max: 0x0001c000, ABSOLUTE, COMPRESSED[0x00000054])

    Exec Addr    Load Addr    Size         Type   Attr      Idx    E Section Name        Object

    0x20000000   COMPRESSED   0x0000000b   Data   RW           18    .data               main.o
    0x2000000b   COMPRESSED   0x00000001   PAD
    0x2000000c   COMPRESSED   0x000002cc   Data   RW          379    .data               freertos.o
    0x200002d8   COMPRESSED   0x00000008   Data   RW          783    .data               sd_diskio.o
    0x200002e0   COMPRESSED   0x00000005   Data   RW          854    .data               fatfs.o
    0x200002e5   COMPRESSED   0x00000001   Data   RW         1082    .data               usart.o
    0x200002e6   COMPRESSED   0x00000001   Data   RW         1168    .data               stm32f4xx_it.o
    0x200002e7   COMPRESSED   0x00000001   PAD
    0x200002e8   COMPRESSED   0x0000000c   Data   RW         2565    .data               stm32f4xx_hal.o
    0x200002f4   COMPRESSED   0x00000004   Data   RW         5306    .data               system_stm32f4xx.o
    0x200002f8   COMPRESSED   0x00000008   Data   RW         5461    .data               ff.o
    0x20000300   COMPRESSED   0x0000003c   Data   RW         6526    .data               tasks.o
    0x2000033c   COMPRESSED   0x00000014   Data   RW         6857    .data               timers.o
    0x20000350   COMPRESSED   0x00000004   Data   RW         7082    .data               cmsis_os2.o
    0x20000354   COMPRESSED   0x00000020   Data   RW         7528    .data               heap_4.o
    0x20000374   COMPRESSED   0x0000000c   Data   RW         7584    .data               port.o
    0x20000380   COMPRESSED   0x00000028   Data   RW         7680    .data               wit_c_sdk.o
    0x200003a8   COMPRESSED   0x0000001c   Data   RW         7862    .data               malloc.o
    0x200003c4   COMPRESSED   0x00000019   Data   RW         8099    .data               gps.o
    0x200003dd   COMPRESSED   0x00000003   PAD
    0x200003e0   COMPRESSED   0x00000004   Data   RW         8529    .data               mc_w.l(stdout.o)
    0x200003e4   COMPRESSED   0x00000004   Data   RW         8539    .data               mc_w.l(errno.o)
    0x200003e8        -       0x000001b0   Zero   RW          362    .bss                freertos.o
    0x20000598        -       0x00000400   Zero   RW          364    .bss                freertos.o
    0x20000998        -       0x0000005c   Zero   RW          365    .bss                freertos.o
    0x200009f4        -       0x00000200   Zero   RW          366    .bss                freertos.o
    0x20000bf4        -       0x0000005c   Zero   RW          367    .bss                freertos.o
    0x20000c50        -       0x00000050   Zero   RW          368    .bss                freertos.o
    0x20000ca0        -       0x00000050   Zero   RW          369    .bss                freertos.o
    0x20000cf0        -       0x00000050   Zero   RW          370    .bss                freertos.o
    0x20000d40        -       0x00000050   Zero   RW          371    .bss                freertos.o
    0x20000d90        -       0x00000020   Zero   RW          372    .bss                freertos.o
    0x20000db0        -       0x00000020   Zero   RW          373    .bss                freertos.o
    0x20000dd0        -       0x00000020   Zero   RW          374    .bss                freertos.o
    0x20000df0        -       0x00000020   Zero   RW          375    .bss                freertos.o
    0x20000e10        -       0x000000f0   Zero   RW          534    .bss                adc.o
    0x20000f00        -       0x00000050   Zero   RW          535    .bss                adc.o
    0x20000f50        -       0x00000150   Zero   RW          536    .bss                adc.o
    0x200010a0        -       0x00000050   Zero   RW          589    .bss                can.o
    0x200010f0        -       0x0000103c   Zero   RW          852    .bss                fatfs.o
    0x2000212c        -       0x00001030   Zero   RW          853    .bss                fatfs.o
    0x2000315c        -       0x0000000c   Zero   RW          889    .bss                iwdg.o
    0x20003168        -       0x00000020   Zero   RW          921    .bss                rtc.o
    0x20003188        -       0x00000144   Zero   RW          963    .bss                sdio.o
    0x200032cc        -       0x000001b0   Zero   RW         1010    .bss                tim.o
    0x2000347c        -       0x0000020c   Zero   RW         1081    .bss                usart.o
    0x20003688        -       0x00000048   Zero   RW         1350    .bss                stm32f4xx_hal_timebase_tim.o
    0x200036d0        -       0x00000020   Zero   RW         5459    .bss                ff.o
    0x200036f0        -       0x0000000c   Zero   RW         5770    .bss                ff_gen_drv.o
    0x200036fc        -       0x00000040   Zero   RW         6101    .bss                queue.o
    0x2000373c        -       0x000004c4   Zero   RW         6525    .bss                tasks.o
    0x20003c00        -       0x00000118   Zero   RW         6856    .bss                timers.o
    0x20003d18        -       0x000006b8   Zero   RW         7081    .bss                cmsis_os2.o
    0x200043d0        -       0x00003c00   Zero   RW         7527    .bss                heap_4.o
    0x20007fd0        -       0x00000220   Zero   RW         7678    .bss                wit_c_sdk.o
    0x200081f0   COMPRESSED   0x00000010   PAD
    0x20008200        -       0x00001400   Zero   RW         7859    .bss                malloc.o
    0x20009600        -       0x00000140   Zero   RW         7860    .bss                malloc.o
    0x20009740        -       0x00000600   Zero   RW         7988    .bss                atk_m750.o
    0x20009d40        -       0x00000a58   Zero   RW         8098    .bss                gps.o
    0x2000a798        -       0x00001000   Zero   RW            1    STACK               startup_stm32f407xx.o


    Execution Region RW_IRAM2 (Exec base: 0x2001c000, Load base: 0x0803ad68, Size: 0x00000000, Max: 0x00004000, ABSOLUTE)

    **** No section assigned to this execution region ****



  Load Region LR$$.ARM.__AT_0x68000000 (Base: 0x68000000, Size: 0x00000000, Max: 0x000f0000, ABSOLUTE)

    Execution Region ER$$.ARM.__AT_0x68000000 (Exec base: 0x68000000, Load base: 0x68000000, Size: 0x000f0000, Max: 0x000f0000, ABSOLUTE, UNINIT)

    Exec Addr    Load Addr    Size         Type   Attr      Idx    E Section Name        Object

    0x68000000        -       0x000f0000   Zero   RW         7857    .ARM.__AT_0x68000000  malloc.o



  Load Region LR$$.ARM.__AT_0x680F0000 (Base: 0x680f0000, Size: 0x00000000, Max: 0x0000f000, ABSOLUTE)

    Execution Region ER$$.ARM.__AT_0x680F0000 (Exec base: 0x680f0000, Load base: 0x680f0000, Size: 0x0000f000, Max: 0x0000f000, ABSOLUTE, UNINIT)

    Exec Addr    Load Addr    Size         Type   Attr      Idx    E Section Name        Object

    0x680f0000        -       0x0000f000   Zero   RW         7858    .ARM.__AT_0x680F0000  malloc.o


==============================================================================

Image component sizes


      Code (inc. data)   RO Data    RW Data    ZI Data      Debug   Object Name

       756         76          0          0        656       3817   adc.o
       488         78       2676          0       1536       8491   atk_m750.o
       160         20          0          0          0       6450   bsp_driver_sd.o
       236         24          0          0         80       1961   can.o
       204         26     175030          0          0       2727   cc936.o
      1700         50          0          4       1720      85416   cmsis_os2.o
       148         22          0          0          0       4073   diskio.o
       140          4          0          0          0        942   dma.o
       626         12          0          0          0      31862   event_groups.o
        32         10          0          5       8300       1692   fatfs.o
      6022         94         42          8         32      46225   ff.o
        70          6          0          0         12       1803   ff_gen_drv.o
     12588       3556       1576        716       2600      30236   freertos.o
        92          6          0          0          0        995   gpio.o
      1816         76          0         25       2648      14566   gps.o
       472         24          0         32      15360       5223   heap_4.o
        56          8          0          0         12        799   iwdg.o
       138          0          0          0          0       3902   list.o
       888        160          0         11          0     795250   main.o
       418         44         24         28    1049920       6992   malloc.o
       786         82          0         12          0      12185   port.o
      2670         28          0          0         64      31860   queue.o
       230          0          0          0          0       4201   ringbuffer.o
       188         16          0          0         32       1839   rtc.o
       488         34         20          8          0       7189   sd_diskio.o
       356         34          0          0        324       2047   sdio.o
        36          8        392          0       4096        892   startup_stm32f407xx.o
       116         18          0         12          0       9114   stm32f4xx_hal.o
      1878         96          0          0          0      10892   stm32f4xx_hal_adc.o
         2          0          0          0          0       1097   stm32f4xx_hal_adc_ex.o
      1702          6          0          0          0      16213   stm32f4xx_hal_can.o
       158         14          0          0          0      33458   stm32f4xx_hal_cortex.o
      1088         16          8          0          0       8505   stm32f4xx_hal_dma.o
       516         46          0          0          0       3075   stm32f4xx_hal_gpio.o
        90          0          0          0          0       1408   stm32f4xx_hal_iwdg.o
        76          6          0          0          0        966   stm32f4xx_hal_msp.o
      1412         86          0          0          0       6293   stm32f4xx_hal_rcc.o
       316         20          0          0          0       1504   stm32f4xx_hal_rcc_ex.o
       846         28          0          0          0       8779   stm32f4xx_hal_rtc.o
      2582         66          0          0          0      15971   stm32f4xx_hal_sd.o
      2108        128          0          0          0      17297   stm32f4xx_hal_tim.o
       148         28          0          0          0       2681   stm32f4xx_hal_tim_ex.o
       140         20          0          0         72       1579   stm32f4xx_hal_timebase_tim.o
      2270         30          0          0          0      18222   stm32f4xx_hal_uart.o
       472        186          0          1          0      15373   stm32f4xx_it.o
      1570         48          0          0          0      23792   stm32f4xx_ll_sdmmc.o
         0          0          0          0          0        424   stream_buffer.o
        58          0          0          0          0       3668   syscall.o
        16          4         24          4          0       1275   system_stm32f4xx.o
      2760        234          0         60       1220      36119   tasks.o
      1124         82          0          0        432       5855   tim.o
      1012         86          0         20        280      34035   timers.o
       744         94          0          1        524       4949   usart.o
       964        124        512         40        544      12571   wit_c_sdk.o

    ----------------------------------------------------------------------
     56088       5964     180336        992    1090480    1408750   Object Totals
         0          0         32          0          0          0   (incl. Generated)
       116          0          0          5         16          0   (incl. Padding)

    ----------------------------------------------------------------------

      Code (inc. data)   RO Data    RW Data    ZI Data      Debug   Library Member Name

        86          0          0          0          0          0   __dczerorl2.o
        28          0          0          0          0         68   _chval.o
       158          0          0          0          0         92   _strtoul.o
        26          0          0          0          0         80   atoi.o
         8          4        133          0          0         68   ctype_o.o
         0          0          0          0          0          0   entry.o
         0          0          0          0          0          0   entry10a.o
         0          0          0          0          0          0   entry11a.o
         4          0          0          0          0          0   entry12b.o
         8          4          0          0          0          0   entry2.o
         4          0          0          0          0          0   entry5.o
         0          0          0          0          0          0   entry7b.o
         0          0          0          0          0          0   entry8b.o
         8          4          0          0          0          0   entry9a.o
         8          4          0          4          0         68   errno.o
        30          0          0          0          0          0   handlers.o
        36          8          0          0          0         68   init.o
         0          0          0          0          0          0   iusefp.o
        30          0          0          0          0         68   llshl.o
        36          0          0          0          0         68   llsshr.o
        32          0          0          0          0         68   llushr.o
        36          0          0          0          0         68   memcpya.o
        36          0          0          0          0        108   memseta.o
      2268         96          0          0          0        616   printfa.o
         0          0          0          4          0          0   stdout.o
        28          0          0          0          0         76   strcmp.o
        14          0          0          0          0         68   strlen.o
        36          0          0          0          0         80   strstr.o
       112          0          0          0          0         88   strtol.o
        44          0          0          0          0         80   uidiv.o
        98          0          0          0          0         92   uldiv.o
        48          0          0          0          0         68   cdrcmple.o
       334          0          0          0          0        148   dadd.o
       222          0          0          0          0        100   ddiv.o
       186          0          0          0          0        176   depilogue.o
        50          0          0          0          0         76   dfixui.o
        48          0          0          0          0         68   dfixul.o
        26          0          0          0          0         76   dfltui.o
       228          0          0          0          0         96   dmul.o
        38          0          0          0          0         68   f2d.o

    ----------------------------------------------------------------------
      4356        120        136          8          0       2800   Library Totals
         2          0          3          0          0          0   (incl. Padding)

    ----------------------------------------------------------------------

      Code (inc. data)   RO Data    RW Data    ZI Data      Debug   Library Name

      3174        120        133          8          0       1924   mc_w.l
      1180          0          0          0          0        876   mf_w.l

    ----------------------------------------------------------------------
      4356        120        136          8          0       2800   Library Totals

    ----------------------------------------------------------------------

==============================================================================


      Code (inc. data)   RO Data    RW Data    ZI Data      Debug   

     60444       6084     180472       1000    1090480    1362326   Grand Totals
     60444       6084     180472         84    1090480    1362326   ELF Image Totals (compressed)
     60444       6084     180472         84          0          0   ROM Totals

==============================================================================

    Total RO  Size (Code + RO Data)               240916 ( 235.27kB)
    Total RW  Size (RW Data + ZI Data)           1091480 (1065.90kB)
    Total ROM Size (Code + RO Data + RW Data)     241000 ( 235.35kB)

==============================================================================

